Archive member included to satisfy reference by file (symbol)

d:/program files (x86)/atmel/studio/7.0/toolchain/avr8/avr8-gnu-toolchain/bin/../lib/gcc/avr/5.4.0/../../../../avr/lib/avr5\libm.a(addsf3.o)
                              Main.o (__subsf3)
d:/program files (x86)/atmel/studio/7.0/toolchain/avr8/avr8-gnu-toolchain/bin/../lib/gcc/avr/5.4.0/../../../../avr/lib/avr5\libm.a(addsf3x.o)
                              d:/program files (x86)/atmel/studio/7.0/toolchain/avr8/avr8-gnu-toolchain/bin/../lib/gcc/avr/5.4.0/../../../../avr/lib/avr5\libm.a(addsf3.o) (__addsf3x)
d:/program files (x86)/atmel/studio/7.0/toolchain/avr8/avr8-gnu-toolchain/bin/../lib/gcc/avr/5.4.0/../../../../avr/lib/avr5\libm.a(atan2.o)
                              Main.o (atan2)
d:/program files (x86)/atmel/studio/7.0/toolchain/avr8/avr8-gnu-toolchain/bin/../lib/gcc/avr/5.4.0/../../../../avr/lib/avr5\libm.a(atan.o)
                              d:/program files (x86)/atmel/studio/7.0/toolchain/avr8/avr8-gnu-toolchain/bin/../lib/gcc/avr/5.4.0/../../../../avr/lib/avr5\libm.a(atan2.o) (atan)
d:/program files (x86)/atmel/studio/7.0/toolchain/avr8/avr8-gnu-toolchain/bin/../lib/gcc/avr/5.4.0/../../../../avr/lib/avr5\libm.a(cmpsf2.o)
                              Main.o (__ltsf2)
d:/program files (x86)/atmel/studio/7.0/toolchain/avr8/avr8-gnu-toolchain/bin/../lib/gcc/avr/5.4.0/../../../../avr/lib/avr5\libm.a(cos.o)
                              Main.o (cos)
d:/program files (x86)/atmel/studio/7.0/toolchain/avr8/avr8-gnu-toolchain/bin/../lib/gcc/avr/5.4.0/../../../../avr/lib/avr5\libm.a(divsf3.o)
                              Main.o (__divsf3)
d:/program files (x86)/atmel/studio/7.0/toolchain/avr8/avr8-gnu-toolchain/bin/../lib/gcc/avr/5.4.0/../../../../avr/lib/avr5\libm.a(divsf3x.o)
                              d:/program files (x86)/atmel/studio/7.0/toolchain/avr8/avr8-gnu-toolchain/bin/../lib/gcc/avr/5.4.0/../../../../avr/lib/avr5\libm.a(divsf3.o) (__divsf3x)
d:/program files (x86)/atmel/studio/7.0/toolchain/avr8/avr8-gnu-toolchain/bin/../lib/gcc/avr/5.4.0/../../../../avr/lib/avr5\libm.a(fixsfsi.o)
                              Main.o (__fixsfsi)
d:/program files (x86)/atmel/studio/7.0/toolchain/avr8/avr8-gnu-toolchain/bin/../lib/gcc/avr/5.4.0/../../../../avr/lib/avr5\libm.a(fixunssfsi.o)
                              Main.o (__fixunssfsi)
d:/program files (x86)/atmel/studio/7.0/toolchain/avr8/avr8-gnu-toolchain/bin/../lib/gcc/avr/5.4.0/../../../../avr/lib/avr5\libm.a(floatsisf.o)
                              Main.o (__floatunsisf)
d:/program files (x86)/atmel/studio/7.0/toolchain/avr8/avr8-gnu-toolchain/bin/../lib/gcc/avr/5.4.0/../../../../avr/lib/avr5\libm.a(fp_cmp.o)
                              d:/program files (x86)/atmel/studio/7.0/toolchain/avr8/avr8-gnu-toolchain/bin/../lib/gcc/avr/5.4.0/../../../../avr/lib/avr5\libm.a(cmpsf2.o) (__fp_cmp)
d:/program files (x86)/atmel/studio/7.0/toolchain/avr8/avr8-gnu-toolchain/bin/../lib/gcc/avr/5.4.0/../../../../avr/lib/avr5\libm.a(fp_inf.o)
                              d:/program files (x86)/atmel/studio/7.0/toolchain/avr8/avr8-gnu-toolchain/bin/../lib/gcc/avr/5.4.0/../../../../avr/lib/avr5\libm.a(addsf3x.o) (__fp_inf)
d:/program files (x86)/atmel/studio/7.0/toolchain/avr8/avr8-gnu-toolchain/bin/../lib/gcc/avr/5.4.0/../../../../avr/lib/avr5\libm.a(fp_nan.o)
                              d:/program files (x86)/atmel/studio/7.0/toolchain/avr8/avr8-gnu-toolchain/bin/../lib/gcc/avr/5.4.0/../../../../avr/lib/avr5\libm.a(addsf3x.o) (__fp_nan)
d:/program files (x86)/atmel/studio/7.0/toolchain/avr8/avr8-gnu-toolchain/bin/../lib/gcc/avr/5.4.0/../../../../avr/lib/avr5\libm.a(fp_powser.o)
                              d:/program files (x86)/atmel/studio/7.0/toolchain/avr8/avr8-gnu-toolchain/bin/../lib/gcc/avr/5.4.0/../../../../avr/lib/avr5\libm.a(atan.o) (__fp_powser)
d:/program files (x86)/atmel/studio/7.0/toolchain/avr8/avr8-gnu-toolchain/bin/../lib/gcc/avr/5.4.0/../../../../avr/lib/avr5\libm.a(fp_pscA.o)
                              d:/program files (x86)/atmel/studio/7.0/toolchain/avr8/avr8-gnu-toolchain/bin/../lib/gcc/avr/5.4.0/../../../../avr/lib/avr5\libm.a(addsf3x.o) (__fp_pscA)
d:/program files (x86)/atmel/studio/7.0/toolchain/avr8/avr8-gnu-toolchain/bin/../lib/gcc/avr/5.4.0/../../../../avr/lib/avr5\libm.a(fp_pscB.o)
                              d:/program files (x86)/atmel/studio/7.0/toolchain/avr8/avr8-gnu-toolchain/bin/../lib/gcc/avr/5.4.0/../../../../avr/lib/avr5\libm.a(addsf3x.o) (__fp_pscB)
d:/program files (x86)/atmel/studio/7.0/toolchain/avr8/avr8-gnu-toolchain/bin/../lib/gcc/avr/5.4.0/../../../../avr/lib/avr5\libm.a(fp_rempio2.o)
                              d:/program files (x86)/atmel/studio/7.0/toolchain/avr8/avr8-gnu-toolchain/bin/../lib/gcc/avr/5.4.0/../../../../avr/lib/avr5\libm.a(cos.o) (__fp_rempio2)
[...]
Memory Configuration

Name             Origin             Length             Attributes
text             0x00000000         0x00020000         xr
data             0x00800060         0x0000ffa0         rw !x
eeprom           0x00810000         0x00010000         rw !x
fuse             0x00820000         0x00000003         rw !x
lock             0x00830000         0x00000400         rw !x
signature        0x00840000         0x00000400         rw !x
user_signatures  0x00850000         0x00000400         rw !x
*default*        0x00000000         0xffffffff

Linker script and memory map

Address of section .data set to 0x800100
LOAD D:/Program Files (x86)/Atmel/Studio/7.0/Packs/atmel/ATmega_DFP/1.2.150/gcc/dev/atmega32u4/avr5/crtatmega32u4.o
LOAD Main.o
START GROUP
LOAD d:/program files (x86)/atmel/studio/7.0/toolchain/avr8/avr8-gnu-toolchain/bin/../lib/gcc/avr/5.4.0/../../../../avr/lib/avr5\libm.a
LOAD C:\Users\jacob psimos\Documents\Atmel Studio\7.0\CBT-BumbleBee\CBT-BumbleBee\ArduinoCore\Debug\libArduinoCore.a
END GROUP
LOAD d:/program files (x86)/atmel/studio/7.0/toolchain/avr8/avr8-gnu-toolchain/bin/../lib/gcc/avr/5.4.0/avr5\libgcc.a
LOAD d:/program files (x86)/atmel/studio/7.0/toolchain/avr8/avr8-gnu-toolchain/bin/../lib/gcc/avr/5.4.0/../../../../avr/lib/avr5\libm.a
START GROUP
LOAD d:/program files (x86)/atmel/studio/7.0/toolchain/avr8/avr8-gnu-toolchain/bin/../lib/gcc/avr/5.4.0/avr5\libgcc.a
LOAD d:/program files (x86)/atmel/studio/7.0/toolchain/avr8/avr8-gnu-toolchain/bin/../lib/gcc/avr/5.4.0/../../../../avr/lib/avr5\libm.a
LOAD d:/program files (x86)/atmel/studio/7.0/toolchain/avr8/avr8-gnu-toolchain/bin/../lib/gcc/avr/5.4.0/../../../../avr/lib/avr5\libc.a
LOAD D:/Program Files (x86)/Atmel/Studio/7.0/Packs/atmel/ATmega_DFP/1.2.150/gcc/dev/atmega32u4/avr5\libatmega32u4.a
END GROUP
                0x00020000                __TEXT_REGION_LENGTH__ = DEFINED (__TEXT_REGION_LENGTH__)?__TEXT_REGION_LENGTH__:0x20000
                0x0000ffa0                __DATA_REGION_LENGTH__ = DEFINED (__DATA_REGION_LENGTH__)?__DATA_REGION_LENGTH__:0xffa0
                0x00010000                __EEPROM_REGION_LENGTH__ = DEFINED (__EEPROM_REGION_LENGTH__)?__EEPROM_REGION_LENGTH__:0x10000
                [0x00000003]                __FUSE_REGION_LENGTH__ = DEFINED (__FUSE_REGION_LENGTH__)?__FUSE_REGION_LENGTH__:0x400
                0x00000400                __LOCK_REGION_LENGTH__ = DEFINED (__LOCK_REGION_LENGTH__)?__LOCK_REGION_LENGTH__:0x400
                0x00000400                __SIGNATURE_REGION_LENGTH__ = DEFINED (__SIGNATURE_REGION_LENGTH__)?__SIGNATURE_REGION_LENGTH__:0x400
                0x00000400                __USER_SIGNATURE_REGION_LENGTH__ = DEFINED (__USER_SIGNATURE_REGION_LENGTH__)?__USER_SIGNATURE_REGION_LENGTH__:0x400

.hash
 *(.hash)

.dynsym
 *(.dynsym)

.dynstr
 *(.dynstr)

.gnu.version
 *(.gnu.version)

.gnu.version_d
 *(.gnu.version_d)

.gnu.version_r
 *(.gnu.version_r)

.rel.init
 *(.rel.init)

.rela.init
 *(.rela.init)

.rel.text
 *(.rel.text)
 *(.rel.text.*)
 *(.rel.gnu.linkonce.t*)

.rela.text
 *(.rela.text)
 *(.rela.text.*)
 *(.rela.gnu.linkonce.t*)

.rel.fini
 *(.rel.fini)

.rela.fini
 *(.rela.fini)

.rel.rodata
 *(.rel.rodata)
 *(.rel.rodata.*)
 *(.rel.gnu.linkonce.r*)

.rela.rodata
 *(.rela.rodata)
 *(.rela.rodata.*)
 *(.rela.gnu.linkonce.r*)

.rel.data
 *(.rel.data)
 *(.rel.data.*)
 *(.rel.gnu.linkonce.d*)

.rela.data
 *(.rela.data)
 *(.rela.data.*)
 *(.rela.gnu.linkonce.d*)

.rel.ctors
 *(.rel.ctors)

.rela.ctors
 *(.rela.ctors)

.rel.dtors
 *(.rel.dtors)

.rela.dtors
 *(.rela.dtors)

.rel.got
 *(.rel.got)

.rela.got
 *(.rela.got)

.rel.bss
 *(.rel.bss)

.rela.bss
 *(.rela.bss)

.rel.plt
 *(.rel.plt)

.rela.plt
 *(.rela.plt)

.text           0x00000000     0x6a06
 *(.vectors)
 .vectors       0x00000000       0xac D:/Program Files (x86)/Atmel/Studio/7.0/Packs/atmel/ATmega_DFP/1.2.150/gcc/dev/atmega32u4/avr5/crtatmega32u4.o
                0x00000000                __vector_default
                0x00000000                __vectors
 *(.vectors)
 *(.progmem.gcc*)
 .progmem.gcc_sw_table._ZN7Display13writeToBufferEPcRKhRm.part.11
                0x000000ac       0x22 Main.o
 .progmem.gcc_sw_table.turnOffPWM
                0x000000ce       0x1e C:\Users\jacob psimos\Documents\Atmel Studio\7.0\CBT-BumbleBee\CBT-BumbleBee\ArduinoCore\Debug\libArduinoCore.a(wiring_digital.o)
                0x000000ec                . = ALIGN (0x2)
                0x000000ec                __trampolines_start = .
 *(.trampolines)
 .trampolines   0x000000ec        0x0 linker stubs
 *(.trampolines*)
                0x000000ec                __trampolines_end = .
 *libprintf_flt.a:*(.progmem.data)
 *libc.a:*(.progmem.data)
 .progmem.data  0x000000ec       0xfa d:/program files (x86)/atmel/studio/7.0/toolchain/avr8/avr8-gnu-toolchain/bin/../lib/gcc/avr/5.4.0/../../../../avr/lib/avr5\libc.a(ftoa_engine.o)
 *(.progmem*)
 .progmem.data._ZZN7Display17autoUpdateDisplayEvE3__c
                0x000001e6        0x9 Main.o
 .progmem.data._ZZN7Display13getGearStringEvE3__c_5
                0x000001ef        0x7 Main.o
 .progmem.data._ZZN7Display13getGearStringEvE3__c_4
                0x000001f6        0x8 Main.o
 .progmem.data._ZZN7Display13getGearStringEvE3__c_3
                0x000001fe        0x6 Main.o
 .progmem.data._ZZN7Display13getGearStringEvE3__c_2
                0x00000204        0x6 Main.o
 .progmem.data._ZZN7Display13getGearStringEvE3__c_1
                0x0000020a        0xa Main.o
 .progmem.data._ZZN7Display13getGearStringEvE3__c_0
                0x00000214        0xa Main.o
 .progmem.data._ZZN7Display13getGearStringEvE3__c
                0x0000021e        0x7 Main.o
 .progmem.data._ZZN7Display23handleTemporaryTriggersEvE3__c_2
                0x00000225       0x20 Main.o
 .progmem.data._ZZN7Display23handleTemporaryTriggersEvE3__c_1
                0x00000245        0xf Main.o
 .progmem.data._ZZN7Display23handleTemporaryTriggersEvE3__c_0
                0x00000254        0x8 Main.o
 .progmem.data._ZZN7Display23handleTemporaryTriggersEvE3__c
                0x0000025c        0xe Main.o
 .progmem.data._ZZN7Display13writeToBufferEPcRKhRmE3__c_24
                0x0000026a       0x12 Main.o
 .progmem.data._ZZN7Display13writeToBufferEPcRKhRmE3__c_23
                0x0000027c       0x12 Main.o
 .progmem.data._ZZN7Display13writeToBufferEPcRKhRmE3__c_22
                0x0000028e        0xc Main.o
 .progmem.data._ZZN7Display13writeToBufferEPcRKhRmE3__c_21
                0x0000029a        0xd Main.o
 .progmem.data._ZZN7Display13writeToBufferEPcRKhRmE3__c_20
                0x000002a7        0xc Main.o
 .progmem.data._ZZN7Display13writeToBufferEPcRKhRmE3__c_19
                0x000002b3        0xd Main.o
 .progmem.data._ZZN7Display13writeToBufferEPcRKhRmE3__c_18
                0x000002c0        0xd Main.o
 .progmem.data._ZZN7Display13writeToBufferEPcRKhRmE3__c_17
                0x000002cd        0xf Main.o
 .progmem.data._ZZN7Display13writeToBufferEPcRKhRmE3__c_16
                0x000002dc        0xc Main.o
 .progmem.data._ZZN7Display13writeToBufferEPcRKhRmE3__c_15
                0x000002e8        0x7 Main.o
 .progmem.data._ZZN7Display13writeToBufferEPcRKhRmE3__c_14
                0x000002ef        0xe Main.o
 .progmem.data._ZZN7Display13writeToBufferEPcRKhRmE3__c_13
                0x000002fd        0x8 Main.o
 .progmem.data._ZZN7Display13writeToBufferEPcRKhRmE3__c_12
                0x00000305        0xd Main.o
 .progmem.data._ZZN7Display13writeToBufferEPcRKhRmE3__c_11
                0x00000312       0x10 Main.o
 .progmem.data._ZZN7Display13writeToBufferEPcRKhRmE3__c_10
                0x00000322        0xd Main.o
 .progmem.data._ZZN7Display13writeToBufferEPcRKhRmE3__c_9
                0x0000032f        0xd Main.o
 .progmem.data._ZZN7Display13writeToBufferEPcRKhRmE3__c_8
                0x0000033c        0xd Main.o
 .progmem.data._ZZN7Display13writeToBufferEPcRKhRmE3__c_7
                0x00000349        0xe Main.o
 .progmem.data._ZZN7Display13writeToBufferEPcRKhRmE3__c_6
                0x00000357        0xd Main.o
 .progmem.data._ZZN7Display13writeToBufferEPcRKhRmE3__c_5
                0x00000364        0xd Main.o
 .progmem.data._ZZN7Display13writeToBufferEPcRKhRmE3__c_4
                0x00000371        0xd Main.o
 .progmem.data._ZZN7Display13writeToBufferEPcRKhRmE3__c_3
                0x0000037e        0xd Main.o
 .progmem.data._ZZN7Display13writeToBufferEPcRKhRmE3__c_2
                0x0000038b        0xd Main.o
 .progmem.data._ZZN7Display13writeToBufferEPcRKhRmE3__c_1
                0x00000398        0xd Main.o
 .progmem.data._ZZN7Display13writeToBufferEPcRKhRmE3__c_0
                0x000003a5        0xd Main.o
 .progmem.data._ZZN7Display13writeToBufferEPcRKhRmE3__c
                0x000003b2        0xd Main.o
 .progmem.data._cdcInterface
                0x000003bf       0x42 C:\Users\jacob psimos\Documents\Atmel Studio\7.0\CBT-BumbleBee\CBT-BumbleBee\ArduinoCore\Debug\libArduinoCore.a(CDC.o)
                0x000003bf                _cdcInterface
 .progmem.data.USB_DeviceDescriptorB
                0x00000401       0x12 C:\Users\jacob psimos\Documents\Atmel Studio\7.0\CBT-BumbleBee\CBT-BumbleBee\ArduinoCore\Debug\libArduinoCore.a(USBCore.o)
                0x00000401                USB_DeviceDescriptorB
 .progmem.data.USB_DeviceDescriptor
                0x00000413       0x12 C:\Users\jacob psimos\Documents\Atmel Studio\7.0\CBT-BumbleBee\CBT-BumbleBee\ArduinoCore\Debug\libArduinoCore.a(USBCore.o)
                0x00000413                USB_DeviceDescriptor
 .progmem.data.STRING_MANUFACTURER
                0x00000425        0xc C:\Users\jacob psimos\Documents\Atmel Studio\7.0\CBT-BumbleBee\CBT-BumbleBee\ArduinoCore\Debug\libArduinoCore.a(USBCore.o)
                0x00000425                STRING_MANUFACTURER
 .progmem.data.STRING_PRODUCT
                0x00000431       0x11 C:\Users\jacob psimos\Documents\Atmel Studio\7.0\CBT-BumbleBee\CBT-BumbleBee\ArduinoCore\Debug\libArduinoCore.a(USBCore.o)
                0x00000431                STRING_PRODUCT
 .progmem.data.STRING_LANGUAGE
                0x00000442        0x4 C:\Users\jacob psimos\Documents\Atmel Studio\7.0\CBT-BumbleBee\CBT-BumbleBee\ArduinoCore\Debug\libArduinoCore.a(USBCore.o)
                0x00000442                STRING_LANGUAGE
 .progmem.data.digital_pin_to_timer_PGM
                0x00000446       0x1e C:\Users\jacob psimos\Documents\Atmel Studio\7.0\CBT-BumbleBee\CBT-BumbleBee\ArduinoCore\Debug\libArduinoCore.a(wiring_digital.o)
                0x00000446                digital_pin_to_timer_PGM
 .progmem.data.digital_pin_to_bit_mask_PGM
                0x00000464       0x1e C:\Users\jacob psimos\Documents\Atmel Studio\7.0\CBT-BumbleBee\CBT-BumbleBee\ArduinoCore\Debug\libArduinoCore.a(wiring_digital.o)
                0x00000464                digital_pin_to_bit_mask_PGM
 .progmem.data.digital_pin_to_port_PGM
                0x00000482       0x1e C:\Users\jacob psimos\Documents\Atmel Studio\7.0\CBT-BumbleBee\CBT-BumbleBee\ArduinoCore\Debug\libArduinoCore.a(wiring_digital.o)
                0x00000482                digital_pin_to_port_PGM
 .progmem.data.port_to_input_PGM
                0x000004a0        0xe C:\Users\jacob psimos\Documents\Atmel Studio\7.0\CBT-BumbleBee\CBT-BumbleBee\ArduinoCore\Debug\libArduinoCore.a(wiring_digital.o)
                0x000004a0                port_to_input_PGM
 .progmem.data.port_to_output_PGM
                0x000004ae        0xe C:\Users\jacob psimos\Documents\Atmel Studio\7.0\CBT-BumbleBee\CBT-BumbleBee\ArduinoCore\Debug\libArduinoCore.a(wiring_digital.o)
                0x000004ae                port_to_output_PGM
 .progmem.data.port_to_mode_PGM
                0x000004bc        0xe C:\Users\jacob psimos\Documents\Atmel Studio\7.0\CBT-BumbleBee\CBT-BumbleBee\ArduinoCore\Debug\libArduinoCore.a(wiring_digital.o)
                0x000004bc                port_to_mode_PGM
                0x000004ca                . = ALIGN (0x2)
 *(.jumptables)
 *(.jumptables*)
 *(.lowtext)
 *(.lowtext*)
                0x000004ca                __ctors_start = .
 *(.ctors)
 .ctors         0x000004ca        0x2 Main.o
 .ctors         0x000004cc        0x2 C:\Users\jacob psimos\Documents\Atmel Studio\7.0\CBT-BumbleBee\CBT-BumbleBee\ArduinoCore\Debug\libArduinoCore.a(CDC.o)
 .ctors         0x000004ce        0x2 C:\Users\jacob psimos\Documents\Atmel Studio\7.0\CBT-BumbleBee\CBT-BumbleBee\ArduinoCore\Debug\libArduinoCore.a(HardwareSerial1.o)
                0x000004d0                __ctors_end = .
                0x000004d0                __dtors_start = .
 *(.dtors)
                0x000004d0                __dtors_end = .
 SORT(*)(.ctors)
 SORT(*)(.dtors)
 *(.init0)
 .init0         0x000004d0        0x0 D:/Program Files (x86)/Atmel/Studio/7.0/Packs/atmel/ATmega_DFP/1.2.150/gcc/dev/atmega32u4/avr5/crtatmega32u4.o
                0x000004d0                __init
 *(.init0)
 *(.init1)
 *(.init1)
 *(.init2)
 .init2         0x000004d0        0xc D:/Program Files (x86)/Atmel/Studio/7.0/Packs/atmel/ATmega_DFP/1.2.150/gcc/dev/atmega32u4/avr5/crtatmega32u4.o
 *(.init2)
 *(.init3)
 *(.init3)
 *(.init4)
 .init4         0x000004dc       0x16 d:/program files (x86)/atmel/studio/7.0/toolchain/avr8/avr8-gnu-toolchain/bin/../lib/gcc/avr/5.4.0/avr5\libgcc.a(_copy_data.o)
                0x000004dc                __do_copy_data
 .init4         0x000004f2       0x10 d:/program files (x86)/atmel/studio/7.0/toolchain/avr8/avr8-gnu-toolchain/bin/../lib/gcc/avr/5.4.0/avr5\libgcc.a(_clear_bss.o)
                0x000004f2                __do_clear_bss
 *(.init4)
 *(.init5)
 *(.init5)
 *(.init6)
 .init6         0x00000502       0x16 d:/program files (x86)/atmel/studio/7.0/toolchain/avr8/avr8-gnu-toolchain/bin/../lib/gcc/avr/5.4.0/avr5\libgcc.a(_ctors.o)
                0x00000502                __do_global_ctors
 *(.init6)
 *(.init7)
 *(.init7)
 *(.init8)
 *(.init8)
 *(.init9)
 .init9         0x00000518        0x8 D:/Program Files (x86)/Atmel/Studio/7.0/Packs/atmel/ATmega_DFP/1.2.150/gcc/dev/atmega32u4/avr5/crtatmega32u4.o
 *(.init9)
 *(.text)
 .text          0x00000520        0x4 D:/Program Files (x86)/Atmel/Studio/7.0/Packs/atmel/ATmega_DFP/1.2.150/gcc/dev/atmega32u4/avr5/crtatmega32u4.o
                0x00000520                __vector_38
                0x00000520                __vector_22
                0x00000520                __vector_28
                0x00000520                __vector_32
                0x00000520                __vector_34
                0x00000520                __vector_24
                0x00000520                __vector_12
                0x00000520                __bad_interrupt
                0x00000520                __vector_6
                0x00000520                __vector_31
                0x00000520                __vector_35
                0x00000520                __vector_39
                0x00000520                __vector_30
                0x00000520                __vector_13
                0x00000520                __vector_17
                0x00000520                __vector_19
                0x00000520                __vector_41
                0x00000520                __vector_27
                0x00000520                __vector_5
                0x00000520                __vector_33
                0x00000520                __vector_37
                0x00000520                __vector_9
                0x00000520                __vector_21
                0x00000520                __vector_15
                0x00000520                __vector_36
                0x00000520                __vector_29
                0x00000520                __vector_40
                0x00000520                __vector_8
                0x00000520                __vector_14
                0x00000520                __vector_16
                0x00000520                __vector_18
                0x00000520                __vector_20
                0x00000520                __vector_42
                0x00000524                . = ALIGN (0x2)
 *(.text.*)
 .text._ZN6Sleepy15handleInterruptEv
                0x00000524        0x6 Main.o
                0x00000524                _ZN6Sleepy15handleInterruptEv
 .text._ZN12MessageQueue4pushERK7Message
                0x0000052a       0x90 Main.o
                0x0000052a                _ZN12MessageQueue4pushERK7Message
 .text._ZN12MessageQueue3popEv
                0x000005ba       0x58 Main.o
                0x000005ba                _ZN12MessageQueue3popEv
 .text._ZN12MessageQueue4peekEv
                0x00000612       0x4e Main.o
                0x00000612                _ZN12MessageQueue4peekEv
 .text._ZN12MessageQueue9peekClearEv
                0x00000660       0x1c Main.o
                0x00000660                _ZN12MessageQueue9peekClearEv
 .text._Z10processKeyR7Message
                0x0000067c       0x18 Main.o
                0x0000067c                _Z10processKeyR7Message
 .text._Z11processTimeR7Message
                0x00000694      0x140 Main.o
                0x00000694                _Z11processTimeR7Message
 .text._Z12processRadioR7Message
                0x000007d4       0x34 Main.o
                0x000007d4                _Z12processRadioR7Message
 .text._Z13processDimmerR7Message
                0x00000808       0x1a Main.o
                0x00000808                _Z13processDimmerR7Message
 .text._Z17processGeographicR7Message
                0x00000822       0xc4 Main.o
                0x00000822                _Z17processGeographicR7Message
 .text._Z10processGPSR7Message
                0x000008e6      0x12a Main.o
                0x000008e6                _Z10processGPSR7Message
 .text._Z11processHVACR7Message
                0x00000a10       0x34 Main.o
                0x00000a10                _Z11processHVACR7Message
 .text._Z22processBrakesAndCruiseR7Message
                0x00000a44       0xac Main.o
                0x00000a44                _Z22processBrakesAndCruiseR7Message
 .text._Z19processTransmissionR7Message
                0x00000af0       0x50 Main.o
                0x00000af0                _Z19processTransmissionR7Message
 .text._Z11processFuelR7Message
                0x00000b40       0x82 Main.o
                0x00000b40                _Z11processFuelR7Message
 .text._Z12processSpeedR7Message
                0x00000bc2      0x23e Main.o
                0x00000bc2                _Z12processSpeedR7Message
 .text._Z15processLightingR7Message
                0x00000e00       0x14 Main.o
                0x00000e00                _Z15processLightingR7Message
 .text._ZN3OBDC2Ev
                0x00000e14       0x1e Main.o
                0x00000e14                _ZN3OBDC1Ev
                0x00000e14                _ZN3OBDC2Ev
 .text._ZN3OBD12calculateMPGEv
                0x00000e32       0xb0 Main.o
                0x00000e32                _ZN3OBD12calculateMPGEv
 .text._ZN3OBD7processERK7Message
                0x00000ee2      0x224 Main.o
                0x00000ee2                _ZN3OBD7processERK7Message
 .text._ZN3OBD7requestERKh
                0x00001106       0x84 Main.o
                0x00001106                _ZN3OBD7requestERKh
 .text._ZN7ButtonsC2Ev
                0x0000118a       0x34 Main.o
                0x0000118a                _ZN7ButtonsC2Ev
                0x0000118a                _ZN7ButtonsC1Ev
 .text._ZN6Sleepy7processERK7Message
                0x000011be       0x2c Main.o
                0x000011be                _ZN6Sleepy7processERK7Message
 .text._ZN6Sleepy8SleepAVREv
                0x000011ea      0x144 Main.o
                0x000011ea                _ZN6Sleepy8SleepAVREv
 .text._ZN5RS23211receiveDataEPh
                0x0000132e       0x72 Main.o
                0x0000132e                _ZN5RS23211receiveDataEPh
 .text._ZN5RS23213processBTDataEPKhh
                0x000013a0       0x46 Main.o
                0x000013a0                _ZN5RS23213processBTDataEPKhh
 .text._ZN5RS23220executeInjectCommandEPKhh
                0x000013e6       0xc4 Main.o
                0x000013e6                _ZN5RS23220executeInjectCommandEPKhh
 .text._ZN5RS23217executeLogCommandEPKhh
                0x000014aa       0x96 Main.o
                0x000014aa                _ZN5RS23217executeLogCommandEPKhh
 .text._ZN5RS23220executeFilterCommandEPKhh
                0x00001540      0x188 Main.o
                0x00001540                _ZN5RS23220executeFilterCommandEPKhh
 .text._ZN7DisplayC2Ev
                0x000016c8       0x92 Main.o
                0x000016c8                _ZN7DisplayC2Ev
                0x000016c8                _ZN7DisplayC1Ev
 .text._ZN7Display16updateStatusBitsEv
                0x0000175a      0x192 Main.o
                0x0000175a                _ZN7Display16updateStatusBitsEv
 .text._ZN7Display20setClusterParametersERKb
                0x000018ec       0x80 Main.o
                0x000018ec                _ZN7Display20setClusterParametersERKb
 .text._ZN7Display10updateTextEPKhRS0_
                0x0000196c      0x1a2 Main.o
                0x0000196c                _ZN7Display10updateTextEPKhRS0_
 .text._ZN7Display10updateTextEPKhRS0_RKj
                0x00001b0e       0x6c Main.o
                0x00001b0e                _ZN7Display10updateTextEPKhRS0_RKj
 .text._ZN7Display23handleTemporaryTriggersEv
                0x00001b7a      0x238 Main.o
                0x00001b7a                _ZN7Display23handleTemporaryTriggersEv
 .text._ZN7Display13getGearStringEv
                0x00001db2       0x48 Main.o
                0x00001db2                _ZN7Display13getGearStringEv
 .text._ZN7Display13writeToBufferEPcRKhRm.part.11
                0x00001dfa      0x4de Main.o
 .text._ZN7Display17autoUpdateDisplayEv
                0x000022d8      0x174 Main.o
                0x000022d8                _ZN7Display17autoUpdateDisplayEv
 .text._ZN7Display4tickEv
                0x0000244c       0xaa Main.o
                0x0000244c                _ZN7Display4tickEv
 .text._Z8blinkLEDhRKj
                0x000024f6       0x46 Main.o
                0x000024f6                _Z8blinkLEDhRKj
 .text._Z10processVINR7MessagePKh
                0x0000253c       0x86 Main.o
                0x0000253c                _Z10processVINR7MessagePKh
 .text._Z12processFrameR7Message
                0x000025c2      0x1ae Main.o
                0x000025c2                _Z12processFrameR7Message
 .text._Z7onSleepv
                0x00002770       0x2e Main.o
                0x00002770                _Z7onSleepv
 .text._ZN6Sleepy4tickEv
                0x0000279e       0x50 Main.o
                0x0000279e                _ZN6Sleepy4tickEv
 .text._Z19steeringWheelButtonRKhRKj
                0x000027ee       0xc2 Main.o
                0x000027ee                _Z19steeringWheelButtonRKhRKj
 .text._Z10globalTickv
                0x000028b0       0x5e Main.o
                0x000028b0                _Z10globalTickv
 .text._Z13buttonHandlerh
                0x0000290e       0xfa Main.o
                0x0000290e                _Z13buttonHandlerh
 .text._ZN7Buttons4tickEv
                0x00002a08      0x1d8 Main.o
                0x00002a08                _ZN7Buttons4tickEv
 .text._Z12setPressureshhhh
                0x00002be0      0x1b0 Main.o
                0x00002be0                _Z12setPressureshhhh
 .text._ZN3OBD4tpmsEv
                0x00002d90       0xe8 Main.o
                0x00002d90                _ZN3OBD4tpmsEv
 .text._ZN3OBD4tickEv
                0x00002e78       0xc2 Main.o
                0x00002e78                _ZN3OBD4tickEv
 .text.setup    0x00002f3a      0x1a6 Main.o
                0x00002f3a                setup
 .text._Z12timeOverflowv
                0x000030e0       0xee Main.o
                0x000030e0                _Z12timeOverflowv
 .text.startup._GLOBAL__sub_I_lastDequeue
                0x000031ce       0xb8 Main.o
 .text._ZN5RS23214processUSBDataEPKhh
                0x00003286       0x5e Main.o
                0x00003286                _ZN5RS23214processUSBDataEPKhh
 .text._ZN5RS2324tickEv
                0x000032e4       0xe6 Main.o
                0x000032e4                _ZN5RS2324tickEv
 .text._ZN5RS23214processMessageERK7Message
                0x000033ca      0x110 Main.o
                0x000033ca                _ZN5RS23214processMessageERK7Message
 .text.loop     0x000034da      0x178 Main.o
                0x000034da                loop
 .text.avr-libc.fplib
                0x00003652        0xe d:/program files (x86)/atmel/studio/7.0/toolchain/avr8/avr8-gnu-toolchain/bin/../lib/gcc/avr/5.4.0/../../../../avr/lib/avr5\libm.a(addsf3.o)
                0x00003652                __subsf3
                0x00003654                __addsf3
 .text.avr-libc.fplib
                0x00003660       0xcc d:/program files (x86)/atmel/studio/7.0/toolchain/avr8/avr8-gnu-toolchain/bin/../lib/gcc/avr/5.4.0/../../../../avr/lib/avr5\libm.a(addsf3x.o)
                0x00003682                __addsf3x
 .text.avr-libc.fplib
                0x0000372c        0xa d:/program files (x86)/atmel/studio/7.0/toolchain/avr8/avr8-gnu-toolchain/bin/../lib/gcc/avr/5.4.0/../../../../avr/lib/avr5\libm.a(cmpsf2.o)
                0x0000372c                __nesf2
                0x0000372c                __eqsf2
                0x0000372c                __cmpsf2
                0x0000372c                __ltsf2
                0x0000372c                __lesf2
 .text.avr-libc.fplib
                0x00003736        0x8 d:/program files (x86)/atmel/studio/7.0/toolchain/avr8/avr8-gnu-toolchain/bin/../lib/gcc/avr/5.4.0/../../../../avr/lib/avr5\libm.a(divsf3.o)
                0x00003736                __divsf3
 .text.avr-libc.fplib
                0x0000373e       0xdc d:/program files (x86)/atmel/studio/7.0/toolchain/avr8/avr8-gnu-toolchain/bin/../lib/gcc/avr/5.4.0/../../../../avr/lib/avr5\libm.a(divsf3x.o)
                0x0000375e                __divsf3x
                0x00003764                __divsf3_pse
 .text.avr-libc.fplib
                0x0000381a        0xe d:/program files (x86)/atmel/studio/7.0/toolchain/avr8/avr8-gnu-toolchain/bin/../lib/gcc/avr/5.4.0/../../../../avr/lib/avr5\libm.a(fixsfsi.o)
                0x0000381a                __fixsfsi
 .text.avr-libc.fplib
                0x00003828       0x5e d:/program files (x86)/atmel/studio/7.0/toolchain/avr8/avr8-gnu-toolchain/bin/../lib/gcc/avr/5.4.0/../../../../avr/lib/avr5\libm.a(fixunssfsi.o)
                0x00003828                __fixunssfsi
 .text.avr-libc.fplib
                0x00003886       0x7a d:/program files (x86)/atmel/studio/7.0/toolchain/avr8/avr8-gnu-toolchain/bin/../lib/gcc/avr/5.4.0/../../../../avr/lib/avr5\libm.a(floatsisf.o)
                0x00003886                __floatunsisf
                0x0000388a                __floatsisf
 .text.avr-libc.fplib
                0x00003900       0x48 d:/program files (x86)/atmel/studio/7.0/toolchain/avr8/avr8-gnu-toolchain/bin/../lib/gcc/avr/5.4.0/../../../../avr/lib/avr5\libm.a(fp_cmp.o)
                0x00003900                __fp_cmp
 .text.avr-libc.fplib
                0x00003948        0xc d:/program files (x86)/atmel/studio/7.0/toolchain/avr8/avr8-gnu-toolchain/bin/../lib/gcc/avr/5.4.0/../../../../avr/lib/avr5\libm.a(fp_inf.o)
                0x00003948                __fp_inf
 .text.avr-libc.fplib
                0x00003954        0x6 d:/program files (x86)/atmel/studio/7.0/toolchain/avr8/avr8-gnu-toolchain/bin/../lib/gcc/avr/5.4.0/../../../../avr/lib/avr5\libm.a(fp_nan.o)
                0x00003954                __fp_nan
 .text.avr-libc.fplib
                0x0000395a        0xe d:/program files (x86)/atmel/studio/7.0/toolchain/avr8/avr8-gnu-toolchain/bin/../lib/gcc/avr/5.4.0/../../../../avr/lib/avr5\libm.a(fp_pscA.o)
                0x0000395a                __fp_pscA
 .text.avr-libc.fplib
                0x00003968        0xe d:/program files (x86)/atmel/studio/7.0/toolchain/avr8/avr8-gnu-toolchain/bin/../lib/gcc/avr/5.4.0/../../../../avr/lib/avr5\libm.a(fp_pscB.o)
                0x00003968                __fp_pscB
 .text.avr-libc.fplib
                0x00003976       0x22 d:/program files (x86)/atmel/studio/7.0/toolchain/avr8/avr8-gnu-toolchain/bin/../lib/gcc/avr/5.4.0/../../../../avr/lib/avr5\libm.a(fp_round.o)
                0x00003976                __fp_round
 .text.avr-libc.fplib
                0x00003998       0x44 d:/program files (x86)/atmel/studio/7.0/toolchain/avr8/avr8-gnu-toolchain/bin/../lib/gcc/avr/5.4.0/../../../../avr/lib/avr5\libm.a(fp_split3.o)
                0x00003998                __fp_split3
                0x000039a8                __fp_splitA
 .text.avr-libc.fplib
                0x000039dc        0xe d:/program files (x86)/atmel/studio/7.0/toolchain/avr8/avr8-gnu-toolchain/bin/../lib/gcc/avr/5.4.0/../../../../avr/lib/avr5\libm.a(fp_zero.o)
                0x000039dc                __fp_zero
                0x000039de                __fp_szero
 .text.avr-libc.fplib
                0x000039ea        0xa d:/program files (x86)/atmel/studio/7.0/toolchain/avr8/avr8-gnu-toolchain/bin/../lib/gcc/avr/5.4.0/../../../../avr/lib/avr5\libm.a(gesf2.o)
                0x000039ea                __gesf2
                0x000039ea                __gtsf2
 .text.avr-libc.fplib
                0x000039f4        0x8 d:/program files (x86)/atmel/studio/7.0/toolchain/avr8/avr8-gnu-toolchain/bin/../lib/gcc/avr/5.4.0/../../../../avr/lib/avr5\libm.a(mulsf3.o)
                0x000039f4                __mulsf3
 .text.avr-libc.fplib
                0x000039fc       0xd2 d:/program files (x86)/atmel/studio/7.0/toolchain/avr8/avr8-gnu-toolchain/bin/../lib/gcc/avr/5.4.0/../../../../avr/lib/avr5\libm.a(mulsf3x.o)
                0x00003a1a                __mulsf3x
                0x00003a20                __mulsf3_pse
 .text.avr-libc.fplib
                0x00003ace       0x16 d:/program files (x86)/atmel/studio/7.0/toolchain/avr8/avr8-gnu-toolchain/bin/../lib/gcc/avr/5.4.0/../../../../avr/lib/avr5\libm.a(trunc.o)
                0x00003ace                trunc
 .text.avr-libc.fplib
                0x00003ae4       0x36 d:/program files (x86)/atmel/studio/7.0/toolchain/avr8/avr8-gnu-toolchain/bin/../lib/gcc/avr/5.4.0/../../../../avr/lib/avr5\libm.a(fp_mintl.o)
                0x00003ae4                __fp_mintl
 .text.avr-libc.fplib
                0x00003b1a       0x1c d:/program files (x86)/atmel/studio/7.0/toolchain/avr8/avr8-gnu-toolchain/bin/../lib/gcc/avr/5.4.0/../../../../avr/lib/avr5\libm.a(fp_mpack.o)
                0x00003b1a                __fp_mpack
                0x00003b1e                __fp_mpack_finite
 .text.avr-libc.fplib
                0x00003b36       0x30 d:/program files (x86)/atmel/studio/7.0/toolchain/avr8/avr8-gnu-toolchain/bin/../lib/gcc/avr/5.4.0/../../../../avr/lib/avr5\libm.a(fp_trunc.o)
                0x00003b36                __fp_trunc
 .text._ZN7Serial_5writeEh
                0x00003b66       0x2c C:\Users\jacob psimos\Documents\Atmel Studio\7.0\CBT-BumbleBee\CBT-BumbleBee\ArduinoCore\Debug\libArduinoCore.a(CDC.o)
                0x00003b66                _ZN7Serial_5writeEh
 .text._ZN7Serial_4peekEv
                0x00003b92       0x22 C:\Users\jacob psimos\Documents\Atmel Studio\7.0\CBT-BumbleBee\CBT-BumbleBee\ArduinoCore\Debug\libArduinoCore.a(CDC.o)
                0x00003b92                _ZN7Serial_4peekEv
 .text._ZN7Serial_5flushEv
                0x00003bb4        0x6 C:\Users\jacob psimos\Documents\Atmel Studio\7.0\CBT-BumbleBee\CBT-BumbleBee\ArduinoCore\Debug\libArduinoCore.a(CDC.o)
                0x00003bb4                _ZN7Serial_5flushEv
 .text._ZN7Serial_9availableEv
                0x00003bba       0x20 C:\Users\jacob psimos\Documents\Atmel Studio\7.0\CBT-BumbleBee\CBT-BumbleBee\ArduinoCore\Debug\libArduinoCore.a(CDC.o)
                0x00003bba                _ZN7Serial_9availableEv
 .text._ZN7Serial_4readEv
                0x00003bda       0x1a C:\Users\jacob psimos\Documents\Atmel Studio\7.0\CBT-BumbleBee\CBT-BumbleBee\ArduinoCore\Debug\libArduinoCore.a(CDC.o)
                0x00003bda                _ZN7Serial_4readEv
 .text._ZN7Serial_5writeEPKhj
                0x00003bf4       0x2c C:\Users\jacob psimos\Documents\Atmel Studio\7.0\CBT-BumbleBee\CBT-BumbleBee\ArduinoCore\Debug\libArduinoCore.a(CDC.o)
                0x00003bf4                _ZN7Serial_5writeEPKhj
 .text._Z16CDC_GetInterfacePh
                0x00003c20       0x16 C:\Users\jacob psimos\Documents\Atmel Studio\7.0\CBT-BumbleBee\CBT-BumbleBee\ArduinoCore\Debug\libArduinoCore.a(CDC.o)
                0x00003c20                _Z16CDC_GetInterfacePh
 .text._Z9CDC_SetupR8USBSetup
                0x00003c36      0x104 C:\Users\jacob psimos\Documents\Atmel Studio\7.0\CBT-BumbleBee\CBT-BumbleBee\ArduinoCore\Debug\libArduinoCore.a(CDC.o)
                0x00003c36                _Z9CDC_SetupR8USBSetup
 .text._ZN7Serial_5beginEm
                0x00003d3a        0xc C:\Users\jacob psimos\Documents\Atmel Studio\7.0\CBT-BumbleBee\CBT-BumbleBee\ArduinoCore\Debug\libArduinoCore.a(CDC.o)
                0x00003d3a                _ZN7Serial_5beginEm
 .text.startup._GLOBAL__sub_I__updatedLUFAbootloader
                0x00003d46       0x2a C:\Users\jacob psimos\Documents\Atmel Studio\7.0\CBT-BumbleBee\CBT-BumbleBee\ArduinoCore\Debug\libArduinoCore.a(CDC.o)
 .text._ZN14HardwareSerial9availableEv
                0x00003d70       0x18 C:\Users\jacob psimos\Documents\Atmel Studio\7.0\CBT-BumbleBee\CBT-BumbleBee\ArduinoCore\Debug\libArduinoCore.a(HardwareSerial.o)
                0x00003d70                _ZN14HardwareSerial9availableEv
 .text._ZN14HardwareSerial4peekEv
                0x00003d88       0x1c C:\Users\jacob psimos\Documents\Atmel Studio\7.0\CBT-BumbleBee\CBT-BumbleBee\ArduinoCore\Debug\libArduinoCore.a(HardwareSerial.o)
                0x00003d88                _ZN14HardwareSerial4peekEv
 .text._ZN14HardwareSerial4readEv
                0x00003da4       0x28 C:\Users\jacob psimos\Documents\Atmel Studio\7.0\CBT-BumbleBee\CBT-BumbleBee\ArduinoCore\Debug\libArduinoCore.a(HardwareSerial.o)
                0x00003da4                _ZN14HardwareSerial4readEv
 .text._Z14serialEventRunv
                0x00003dcc       0x1c C:\Users\jacob psimos\Documents\Atmel Studio\7.0\CBT-BumbleBee\CBT-BumbleBee\ArduinoCore\Debug\libArduinoCore.a(HardwareSerial.o)
                0x00003dcc                _Z14serialEventRunv
 .text._ZN14HardwareSerial17_tx_udr_empty_irqEv
                0x00003de8       0x42 C:\Users\jacob psimos\Documents\Atmel Studio\7.0\CBT-BumbleBee\CBT-BumbleBee\ArduinoCore\Debug\libArduinoCore.a(HardwareSerial.o)
                0x00003de8                _ZN14HardwareSerial17_tx_udr_empty_irqEv
 .text._ZN14HardwareSerial5writeEh
                0x00003e2a       0x8e C:\Users\jacob psimos\Documents\Atmel Studio\7.0\CBT-BumbleBee\CBT-BumbleBee\ArduinoCore\Debug\libArduinoCore.a(HardwareSerial.o)
                0x00003e2a                _ZN14HardwareSerial5writeEh
 .text._ZN14HardwareSerial5flushEv
                0x00003eb8       0x44 C:\Users\jacob psimos\Documents\Atmel Studio\7.0\CBT-BumbleBee\CBT-BumbleBee\ArduinoCore\Debug\libArduinoCore.a(HardwareSerial.o)
                0x00003eb8                _ZN14HardwareSerial5flushEv
 .text._ZN14HardwareSerial5beginEmh
                0x00003efc       0xca C:\Users\jacob psimos\Documents\Atmel Studio\7.0\CBT-BumbleBee\CBT-BumbleBee\ArduinoCore\Debug\libArduinoCore.a(HardwareSerial.o)
                0x00003efc                _ZN14HardwareSerial5beginEmh
 .text.__vector_25
                0x00003fc6       0x64 C:\Users\jacob psimos\Documents\Atmel Studio\7.0\CBT-BumbleBee\CBT-BumbleBee\ArduinoCore\Debug\libArduinoCore.a(HardwareSerial1.o)
                0x00003fc6                __vector_25
 .text.__vector_26
                0x0000402a       0x4c C:\Users\jacob psimos\Documents\Atmel Studio\7.0\CBT-BumbleBee\CBT-BumbleBee\ArduinoCore\Debug\libArduinoCore.a(HardwareSerial1.o)
                0x0000402a                __vector_26
 .text._Z17Serial1_availablev
                0x00004076       0x14 C:\Users\jacob psimos\Documents\Atmel Studio\7.0\CBT-BumbleBee\CBT-BumbleBee\ArduinoCore\Debug\libArduinoCore.a(HardwareSerial1.o)
                0x00004076                _Z17Serial1_availablev
 .text.startup._GLOBAL__sub_I___vector_25
                0x0000408a       0x5a C:\Users\jacob psimos\Documents\Atmel Studio\7.0\CBT-BumbleBee\CBT-BumbleBee\ArduinoCore\Debug\libArduinoCore.a(HardwareSerial1.o)
 .text.initVariant
                0x000040e4        0x2 C:\Users\jacob psimos\Documents\Atmel Studio\7.0\CBT-BumbleBee\CBT-BumbleBee\ArduinoCore\Debug\libArduinoCore.a(main.o)
                0x000040e4                initVariant
 .text.startup.main
                0x000040e6       0x26 C:\Users\jacob psimos\Documents\Atmel Studio\7.0\CBT-BumbleBee\CBT-BumbleBee\ArduinoCore\Debug\libArduinoCore.a(main.o)
                0x000040e6                main
 .text._ZN5Print5writeEPKhj
                0x0000410c       0x54 C:\Users\jacob psimos\Documents\Atmel Studio\7.0\CBT-BumbleBee\CBT-BumbleBee\ArduinoCore\Debug\libArduinoCore.a(Print.o)
                0x0000410c                _ZN5Print5writeEPKhj
 .text._ZL4RecvPVhh
                0x00004160       0x1a C:\Users\jacob psimos\Documents\Atmel Studio\7.0\CBT-BumbleBee\CBT-BumbleBee\ArduinoCore\Debug\libArduinoCore.a(USBCore.o)
 .text._ZL11SendControlh
                0x0000417a       0x5c C:\Users\jacob psimos\Documents\Atmel Studio\7.0\CBT-BumbleBee\CBT-BumbleBee\ArduinoCore\Debug\libArduinoCore.a(USBCore.o)
 .text._ZL24USB_SendStringDescriptorPKhhh
                0x000041d6       0x6a C:\Users\jacob psimos\Documents\Atmel Studio\7.0\CBT-BumbleBee\CBT-BumbleBee\ArduinoCore\Debug\libArduinoCore.a(USBCore.o)
 .text._ZL15USB_ClockEnablev
                0x00004240       0x46 C:\Users\jacob psimos\Documents\Atmel Studio\7.0\CBT-BumbleBee\CBT-BumbleBee\ArduinoCore\Debug\libArduinoCore.a(USBCore.o)
 .text._ZL14SendInterfacesv
                0x00004286       0x2c C:\Users\jacob psimos\Documents\Atmel Studio\7.0\CBT-BumbleBee\CBT-BumbleBee\ArduinoCore\Debug\libArduinoCore.a(USBCore.o)
 .text._ZN6LockEPC2Eh
                0x000042b2       0x10 C:\Users\jacob psimos\Documents\Atmel Studio\7.0\CBT-BumbleBee\CBT-BumbleBee\ArduinoCore\Debug\libArduinoCore.a(USBCore.o)
                0x000042b2                _ZN6LockEPC2Eh
                0x000042b2                _ZN6LockEPC1Eh
 .text._Z13USB_Availableh
                0x000042c2       0x24 C:\Users\jacob psimos\Documents\Atmel Studio\7.0\CBT-BumbleBee\CBT-BumbleBee\ArduinoCore\Debug\libArduinoCore.a(USBCore.o)
                0x000042c2                _Z13USB_Availableh
 .text._Z8USB_RecvhPvi
                0x000042e6       0x86 C:\Users\jacob psimos\Documents\Atmel Studio\7.0\CBT-BumbleBee\CBT-BumbleBee\ArduinoCore\Debug\libArduinoCore.a(USBCore.o)
                0x000042e6                _Z8USB_RecvhPvi
 .text._Z8USB_Recvh
                0x0000436c       0x2e C:\Users\jacob psimos\Documents\Atmel Studio\7.0\CBT-BumbleBee\CBT-BumbleBee\ArduinoCore\Debug\libArduinoCore.a(USBCore.o)
                0x0000436c                _Z8USB_Recvh
 .text._Z13USB_SendSpaceh
                0x0000439a       0x34 C:\Users\jacob psimos\Documents\Atmel Studio\7.0\CBT-BumbleBee\CBT-BumbleBee\ArduinoCore\Debug\libArduinoCore.a(USBCore.o)
                0x0000439a                _Z13USB_SendSpaceh
 .text._Z8USB_SendhPKvi
                0x000043ce      0x12a C:\Users\jacob psimos\Documents\Atmel Studio\7.0\CBT-BumbleBee\CBT-BumbleBee\ArduinoCore\Debug\libArduinoCore.a(USBCore.o)
                0x000043ce                _Z8USB_SendhPKvi
 .text._Z11InitControli
                0x000044f8       0x16 C:\Users\jacob psimos\Documents\Atmel Studio\7.0\CBT-BumbleBee\CBT-BumbleBee\ArduinoCore\Debug\libArduinoCore.a(USBCore.o)
                0x000044f8                _Z11InitControli
 .text._Z15USB_SendControlhPKvi
                0x0000450e       0x4e C:\Users\jacob psimos\Documents\Atmel Studio\7.0\CBT-BumbleBee\CBT-BumbleBee\ArduinoCore\Debug\libArduinoCore.a(USBCore.o)
                0x0000450e                _Z15USB_SendControlhPKvi
 .text._Z15USB_RecvControlPvi
                0x0000455c       0x66 C:\Users\jacob psimos\Documents\Atmel Studio\7.0\CBT-BumbleBee\CBT-BumbleBee\ArduinoCore\Debug\libArduinoCore.a(USBCore.o)
                0x0000455c                _Z15USB_RecvControlPvi
 .text.__vector_11
                0x000045c2      0x2ce C:\Users\jacob psimos\Documents\Atmel Studio\7.0\CBT-BumbleBee\CBT-BumbleBee\ArduinoCore\Debug\libArduinoCore.a(USBCore.o)
                0x000045c2                __vector_11
 .text._Z9USB_Flushh
                0x00004890       0x14 C:\Users\jacob psimos\Documents\Atmel Studio\7.0\CBT-BumbleBee\CBT-BumbleBee\ArduinoCore\Debug\libArduinoCore.a(USBCore.o)
                0x00004890                _Z9USB_Flushh
 .text.__vector_10
                0x000048a4      0x102 C:\Users\jacob psimos\Documents\Atmel Studio\7.0\CBT-BumbleBee\CBT-BumbleBee\ArduinoCore\Debug\libArduinoCore.a(USBCore.o)
                0x000048a4                __vector_10
 .text._ZN10USBDevice_6attachEv
                0x000049a6       0x3a C:\Users\jacob psimos\Documents\Atmel Studio\7.0\CBT-BumbleBee\CBT-BumbleBee\ArduinoCore\Debug\libArduinoCore.a(USBCore.o)
                0x000049a6                _ZN10USBDevice_6attachEv
 .text.nothing  0x000049e0        0x2 C:\Users\jacob psimos\Documents\Atmel Studio\7.0\CBT-BumbleBee\CBT-BumbleBee\ArduinoCore\Debug\libArduinoCore.a(WInterrupts.o)
 .text.attachInterrupt
                0x000049e2       0xa0 C:\Users\jacob psimos\Documents\Atmel Studio\7.0\CBT-BumbleBee\CBT-BumbleBee\ArduinoCore\Debug\libArduinoCore.a(WInterrupts.o)
                0x000049e2                attachInterrupt
 .text.detachInterrupt
                0x00004a82       0x40 C:\Users\jacob psimos\Documents\Atmel Studio\7.0\CBT-BumbleBee\CBT-BumbleBee\ArduinoCore\Debug\libArduinoCore.a(WInterrupts.o)
                0x00004a82                detachInterrupt
 .text.__vector_1
                0x00004ac2       0x4e C:\Users\jacob psimos\Documents\Atmel Studio\7.0\CBT-BumbleBee\CBT-BumbleBee\ArduinoCore\Debug\libArduinoCore.a(WInterrupts.o)
                0x00004ac2                __vector_1
 .text.__vector_2
                0x00004b10       0x4e C:\Users\jacob psimos\Documents\Atmel Studio\7.0\CBT-BumbleBee\CBT-BumbleBee\ArduinoCore\Debug\libArduinoCore.a(WInterrupts.o)
                0x00004b10                __vector_2
 .text.__vector_3
                0x00004b5e       0x4e C:\Users\jacob psimos\Documents\Atmel Studio\7.0\CBT-BumbleBee\CBT-BumbleBee\ArduinoCore\Debug\libArduinoCore.a(WInterrupts.o)
                0x00004b5e                __vector_3
 .text.__vector_4
                0x00004bac       0x4e C:\Users\jacob psimos\Documents\Atmel Studio\7.0\CBT-BumbleBee\CBT-BumbleBee\ArduinoCore\Debug\libArduinoCore.a(WInterrupts.o)
                0x00004bac                __vector_4
 .text.__vector_7
                0x00004bfa       0x4e C:\Users\jacob psimos\Documents\Atmel Studio\7.0\CBT-BumbleBee\CBT-BumbleBee\ArduinoCore\Debug\libArduinoCore.a(WInterrupts.o)
                0x00004bfa                __vector_7
 .text.__vector_23
                0x00004c48       0x94 C:\Users\jacob psimos\Documents\Atmel Studio\7.0\CBT-BumbleBee\CBT-BumbleBee\ArduinoCore\Debug\libArduinoCore.a(wiring.o)
                0x00004c48                __vector_23
 .text.millis   0x00004cdc       0x18 C:\Users\jacob psimos\Documents\Atmel Studio\7.0\CBT-BumbleBee\CBT-BumbleBee\ArduinoCore\Debug\libArduinoCore.a(wiring.o)
                0x00004cdc                millis
 .text.micros   0x00004cf4       0x4a C:\Users\jacob psimos\Documents\Atmel Studio\7.0\CBT-BumbleBee\CBT-BumbleBee\ArduinoCore\Debug\libArduinoCore.a(wiring.o)
                0x00004cf4                micros
 .text.delay    0x00004d3e       0x78 C:\Users\jacob psimos\Documents\Atmel Studio\7.0\CBT-BumbleBee\CBT-BumbleBee\ArduinoCore\Debug\libArduinoCore.a(wiring.o)
                0x00004d3e                delay
 .text.init     0x00004db6       0xac C:\Users\jacob psimos\Documents\Atmel Studio\7.0\CBT-BumbleBee\CBT-BumbleBee\ArduinoCore\Debug\libArduinoCore.a(wiring.o)
                0x00004db6                init
 .text.turnOffPWM
                0x00004e62       0x7a C:\Users\jacob psimos\Documents\Atmel Studio\7.0\CBT-BumbleBee\CBT-BumbleBee\ArduinoCore\Debug\libArduinoCore.a(wiring_digital.o)
 .text.pinMode  0x00004edc       0x78 C:\Users\jacob psimos\Documents\Atmel Studio\7.0\CBT-BumbleBee\CBT-BumbleBee\ArduinoCore\Debug\libArduinoCore.a(wiring_digital.o)
                0x00004edc                pinMode
 .text.digitalWrite
                0x00004f54       0x5e C:\Users\jacob psimos\Documents\Atmel Studio\7.0\CBT-BumbleBee\CBT-BumbleBee\ArduinoCore\Debug\libArduinoCore.a(wiring_digital.o)
                0x00004f54                digitalWrite
 .text.digitalRead
                0x00004fb2       0x52 C:\Users\jacob psimos\Documents\Atmel Studio\7.0\CBT-BumbleBee\CBT-BumbleBee\ArduinoCore\Debug\libArduinoCore.a(wiring_digital.o)
                0x00004fb2                digitalRead
 .text._ZN8SPIClass8transferEh
                0x00005004        0xe C:\Users\jacob psimos\Documents\Atmel Studio\7.0\CBT-BumbleBee\CBT-BumbleBee\ArduinoCore\Debug\libArduinoCore.a(CANBus.o)
                0x00005004                _ZN8SPIClass8transferEh
 .text._ZN6CANBusC2Ehhh
                0x00005012        0xa C:\Users\jacob psimos\Documents\Atmel Studio\7.0\CBT-BumbleBee\CBT-BumbleBee\ArduinoCore\Debug\libArduinoCore.a(CANBus.o)
                0x00005012                _ZN6CANBusC2Ehhh
                0x00005012                _ZN6CANBusC1Ehhh
 .text._ZN6CANBus5beginEv
                0x0000501c       0x76 C:\Users\jacob psimos\Documents\Atmel Studio\7.0\CBT-BumbleBee\CBT-BumbleBee\ArduinoCore\Debug\libArduinoCore.a(CANBus.o)
                0x0000501c                _ZN6CANBus5beginEv
 .text._ZN6CANBus10baudConfigEj
                0x00005092      0x252 C:\Users\jacob psimos\Documents\Atmel Studio\7.0\CBT-BumbleBee\CBT-BumbleBee\ArduinoCore\Debug\libArduinoCore.a(CANBus.o)
                0x00005092                _ZN6CANBus10baudConfigEj
 .text._ZN6CANBus9bitModifyEhhh
                0x000052e4       0x44 C:\Users\jacob psimos\Documents\Atmel Studio\7.0\CBT-BumbleBee\CBT-BumbleBee\ArduinoCore\Debug\libArduinoCore.a(CANBus.o)
                0x000052e4                _ZN6CANBus9bitModifyEhhh
 .text._ZN6CANBus8setRxIntEb
                0x00005328       0x40 C:\Users\jacob psimos\Documents\Atmel Studio\7.0\CBT-BumbleBee\CBT-BumbleBee\ArduinoCore\Debug\libArduinoCore.a(CANBus.o)
                0x00005328                _ZN6CANBus8setRxIntEb
 .text._ZN6CANBus9setClkPreEi
                0x00005368       0x62 C:\Users\jacob psimos\Documents\Atmel Studio\7.0\CBT-BumbleBee\CBT-BumbleBee\ArduinoCore\Debug\libArduinoCore.a(CANBus.o)
                0x00005368                _ZN6CANBus9setClkPreEi
 .text._ZN6CANBus7setModeE7CANMode
                0x000053ca       0x62 C:\Users\jacob psimos\Documents\Atmel Studio\7.0\CBT-BumbleBee\CBT-BumbleBee\ArduinoCore\Debug\libArduinoCore.a(CANBus.o)
                0x000053ca                _ZN6CANBus7setModeE7CANMode
 .text._ZN6CANBus10readStatusEv
                0x0000542c       0x30 C:\Users\jacob psimos\Documents\Atmel Studio\7.0\CBT-BumbleBee\CBT-BumbleBee\ArduinoCore\Debug\libArduinoCore.a(CANBus.o)
                0x0000542c                _ZN6CANBus10readStatusEv
 .text._ZN6CANBus12readRegisterEh
                0x0000545c       0x38 C:\Users\jacob psimos\Documents\Atmel Studio\7.0\CBT-BumbleBee\CBT-BumbleBee\ArduinoCore\Debug\libArduinoCore.a(CANBus.o)
                0x0000545c                _ZN6CANBus12readRegisterEh
 .text._ZN6CANBus13writeRegisterEhhhhh
                0x00005494       0x7c C:\Users\jacob psimos\Documents\Atmel Studio\7.0\CBT-BumbleBee\CBT-BumbleBee\ArduinoCore\Debug\libArduinoCore.a(CANBus.o)
                0x00005494                _ZN6CANBus13writeRegisterEhhhhh
 .text._ZN6CANBus12clearFiltersEv
                0x00005510       0x2e C:\Users\jacob psimos\Documents\Atmel Studio\7.0\CBT-BumbleBee\CBT-BumbleBee\ArduinoCore\Debug\libArduinoCore.a(CANBus.o)
                0x00005510                _ZN6CANBus12clearFiltersEv
 .text._ZN6CANBus9setFilterEhmm
                0x0000553e      0x1a4 C:\Users\jacob psimos\Documents\Atmel Studio\7.0\CBT-BumbleBee\CBT-BumbleBee\ArduinoCore\Debug\libArduinoCore.a(CANBus.o)
                0x0000553e                _ZN6CANBus9setFilterEhmm
 .text._ZN6CANBus9getNextTxEPhS0_
                0x000056e2       0x54 C:\Users\jacob psimos\Documents\Atmel Studio\7.0\CBT-BumbleBee\CBT-BumbleBee\ArduinoCore\Debug\libArduinoCore.a(CANBus.o)
                0x000056e2                _ZN6CANBus9getNextTxEPhS0_
 .text._ZN6CANBus9getNextRxEPhS0_
                0x00005736       0x36 C:\Users\jacob psimos\Documents\Atmel Studio\7.0\CBT-BumbleBee\CBT-BumbleBee\ArduinoCore\Debug\libArduinoCore.a(CANBus.o)
                0x00005736                _ZN6CANBus9getNextRxEPhS0_
 .text._ZN6CANBus6send_XEh
                0x0000576c       0x26 C:\Users\jacob psimos\Documents\Atmel Studio\7.0\CBT-BumbleBee\CBT-BumbleBee\ArduinoCore\Debug\libArduinoCore.a(CANBus.o)
                0x0000576c                _ZN6CANBus6send_XEh
 .text._ZN6CANBus9load_ff_XEhhmPhh
                0x00005792       0xf4 C:\Users\jacob psimos\Documents\Atmel Studio\7.0\CBT-BumbleBee\CBT-BumbleBee\ArduinoCore\Debug\libArduinoCore.a(CANBus.o)
                0x00005792                _ZN6CANBus9load_ff_XEhhmPhh
 .text._ZN6CANBus13readDATA_ff_XEhPhS0_PmS0_
                0x00005886      0x192 C:\Users\jacob psimos\Documents\Atmel Studio\7.0\CBT-BumbleBee\CBT-BumbleBee\ArduinoCore\Debug\libArduinoCore.a(CANBus.o)
                0x00005886                _ZN6CANBus13readDATA_ff_XEhPhS0_PmS0_
 .text._ZN6CANBus9readFrameER7Message
                0x00005a18       0x7c C:\Users\jacob psimos\Documents\Atmel Studio\7.0\CBT-BumbleBee\CBT-BumbleBee\ArduinoCore\Debug\libArduinoCore.a(CANBus.o)
                0x00005a18                _ZN6CANBus9readFrameER7Message
 .text._ZN6CANBus10writeFrameER7Message
                0x00005a94       0x7e C:\Users\jacob psimos\Documents\Atmel Studio\7.0\CBT-BumbleBee\CBT-BumbleBee\ArduinoCore\Debug\libArduinoCore.a(CANBus.o)
                0x00005a94                _ZN6CANBus10writeFrameER7Message
 .text._ZN6CANBus9powerDownEv
                0x00005b12       0x62 C:\Users\jacob psimos\Documents\Atmel Studio\7.0\CBT-BumbleBee\CBT-BumbleBee\ArduinoCore\Debug\libArduinoCore.a(CANBus.o)
                0x00005b12                _ZN6CANBus9powerDownEv
 .text._ZN6CANBus7powerUpEv
                0x00005b74       0x80 C:\Users\jacob psimos\Documents\Atmel Studio\7.0\CBT-BumbleBee\CBT-BumbleBee\ArduinoCore\Debug\libArduinoCore.a(CANBus.o)
                0x00005b74                _ZN6CANBus7powerUpEv
 .text._ZN6CANBus22prepareWakeupInterruptEv
                0x00005bf4       0x5a C:\Users\jacob psimos\Documents\Atmel Studio\7.0\CBT-BumbleBee\CBT-BumbleBee\ArduinoCore\Debug\libArduinoCore.a(CANBus.o)
                0x00005bf4                _ZN6CANBus22prepareWakeupInterruptEv
 .text._ZN7MessageC2Ev
                0x00005c4e       0x20 C:\Users\jacob psimos\Documents\Atmel Studio\7.0\CBT-BumbleBee\CBT-BumbleBee\ArduinoCore\Debug\libArduinoCore.a(Message.o)
                0x00005c4e                _ZN7MessageC1Ev
                0x00005c4e                _ZN7MessageC2Ev
 .text._ZN7Message5cloneERKS_
                0x00005c6e       0x46 C:\Users\jacob psimos\Documents\Atmel Studio\7.0\CBT-BumbleBee\CBT-BumbleBee\ArduinoCore\Debug\libArduinoCore.a(Message.o)
                0x00005c6e                _ZN7Message5cloneERKS_
 .text._ZN7MessageC2ERKS_
                0x00005cb4        0x4 C:\Users\jacob psimos\Documents\Atmel Studio\7.0\CBT-BumbleBee\CBT-BumbleBee\ArduinoCore\Debug\libArduinoCore.a(Message.o)
                0x00005cb4                _ZN7MessageC2ERKS_
                0x00005cb4                _ZN7MessageC1ERKS_
 .text._ZN7Message5clearEv
                0x00005cb8       0x20 C:\Users\jacob psimos\Documents\Atmel Studio\7.0\CBT-BumbleBee\CBT-BumbleBee\ArduinoCore\Debug\libArduinoCore.a(Message.o)
                0x00005cb8                _ZN7Message5clearEv
 .text._ZN8SPIClass5beginEv
                0x00005cd8       0x6c C:\Users\jacob psimos\Documents\Atmel Studio\7.0\CBT-BumbleBee\CBT-BumbleBee\ArduinoCore\Debug\libArduinoCore.a(SPI.o)
                0x00005cd8                _ZN8SPIClass5beginEv
 .text.__empty  0x00005d44        0x2 C:\Users\jacob psimos\Documents\Atmel Studio\7.0\CBT-BumbleBee\CBT-BumbleBee\ArduinoCore\Debug\libArduinoCore.a(hooks.o)
                0x00005d44                yield
 .text._ZN13PluggableUSB_12getInterfaceEPh
                0x00005d46       0x52 C:\Users\jacob psimos\Documents\Atmel Studio\7.0\CBT-BumbleBee\CBT-BumbleBee\ArduinoCore\Debug\libArduinoCore.a(PluggableUSB.o)
                0x00005d46                _ZN13PluggableUSB_12getInterfaceEPh
 .text._ZN13PluggableUSB_13getDescriptorER8USBSetup
                0x00005d98       0x3e C:\Users\jacob psimos\Documents\Atmel Studio\7.0\CBT-BumbleBee\CBT-BumbleBee\ArduinoCore\Debug\libArduinoCore.a(PluggableUSB.o)
                0x00005d98                _ZN13PluggableUSB_13getDescriptorER8USBSetup
 .text._ZN13PluggableUSB_12getShortNameEPc
                0x00005dd6       0x3e C:\Users\jacob psimos\Documents\Atmel Studio\7.0\CBT-BumbleBee\CBT-BumbleBee\ArduinoCore\Debug\libArduinoCore.a(PluggableUSB.o)
                0x00005dd6                _ZN13PluggableUSB_12getShortNameEPc
 .text._ZN13PluggableUSB_5setupER8USBSetup
                0x00005e14       0x3c C:\Users\jacob psimos\Documents\Atmel Studio\7.0\CBT-BumbleBee\CBT-BumbleBee\ArduinoCore\Debug\libArduinoCore.a(PluggableUSB.o)
                0x00005e14                _ZN13PluggableUSB_5setupER8USBSetup
 .text._Z12PluggableUSBv
                0x00005e50       0x28 C:\Users\jacob psimos\Documents\Atmel Studio\7.0\CBT-BumbleBee\CBT-BumbleBee\ArduinoCore\Debug\libArduinoCore.a(PluggableUSB.o)
                0x00005e50                _Z12PluggableUSBv
 .text.libgcc.div
                0x00005e78       0x18 d:/program files (x86)/atmel/studio/7.0/toolchain/avr8/avr8-gnu-toolchain/bin/../lib/gcc/avr/5.4.0/avr5\libgcc.a(_udivmodqi4.o)
                0x00005e78                __udivmodqi4
 .text.libgcc.div
                0x00005e90       0x28 d:/program files (x86)/atmel/studio/7.0/toolchain/avr8/avr8-gnu-toolchain/bin/../lib/gcc/avr/5.4.0/avr5\libgcc.a(_udivmodhi4.o)
                0x00005e90                __udivmodhi4
 .text.libgcc.div
                0x00005eb8       0x28 d:/program files (x86)/atmel/studio/7.0/toolchain/avr8/avr8-gnu-toolchain/bin/../lib/gcc/avr/5.4.0/avr5\libgcc.a(_divmodhi4.o)
                0x00005eb8                _div
                0x00005eb8                __divmodhi4
 .text.libgcc.div
                0x00005ee0       0x44 d:/program files (x86)/atmel/studio/7.0/toolchain/avr8/avr8-gnu-toolchain/bin/../lib/gcc/avr/5.4.0/avr5\libgcc.a(_udivmodsi4.o)
                0x00005ee0                __udivmodsi4
 .text.libgcc   0x00005f24        0xc d:/program files (x86)/atmel/studio/7.0/toolchain/avr8/avr8-gnu-toolchain/bin/../lib/gcc/avr/5.4.0/avr5\libgcc.a(_tablejump2.o)
                0x00005f24                __tablejump2__
 .text.avr-libc
                0x00005f30       0x40 d:/program files (x86)/atmel/studio/7.0/toolchain/avr8/avr8-gnu-toolchain/bin/../lib/gcc/avr/5.4.0/../../../../avr/lib/avr5\libc.a(dtostrf.o)
                0x00005f30                dtostrf
 .text.avr-libc
                0x00005f70       0x12 d:/program files (x86)/atmel/studio/7.0/toolchain/avr8/avr8-gnu-toolchain/bin/../lib/gcc/avr/5.4.0/../../../../avr/lib/avr5\libc.a(memcpy_P.o)
                0x00005f70                memcpy_P
 .text.avr-libc
                0x00005f82       0x1a d:/program files (x86)/atmel/studio/7.0/toolchain/avr8/avr8-gnu-toolchain/bin/../lib/gcc/avr/5.4.0/../../../../avr/lib/avr5\libc.a(memcmp.o)
                0x00005f82                memcmp
 .text.avr-libc
                0x00005f9c       0x12 d:/program files (x86)/atmel/studio/7.0/toolchain/avr8/avr8-gnu-toolchain/bin/../lib/gcc/avr/5.4.0/../../../../avr/lib/avr5\libc.a(memcpy.o)
                0x00005f9c                memcpy
 .text.avr-libc
                0x00005fae       0x60 d:/program files (x86)/atmel/studio/7.0/toolchain/avr8/avr8-gnu-toolchain/bin/../lib/gcc/avr/5.4.0/../../../../avr/lib/avr5\libc.a(snprintf_p.o)
                0x00005fae                snprintf_P
 .text.avr-libc
                0x0000600e      0x3c2 d:/program files (x86)/atmel/studio/7.0/toolchain/avr8/avr8-gnu-toolchain/bin/../lib/gcc/avr/5.4.0/../../../../avr/lib/avr5\libc.a(vfprintf_std.o)
                0x0000600e                vfprintf
 .text.avr-libc
                0x000063d0      0x2b4 d:/program files (x86)/atmel/studio/7.0/toolchain/avr8/avr8-gnu-toolchain/bin/../lib/gcc/avr/5.4.0/../../../../avr/lib/avr5\libc.a(dtoa_prf.o)
                0x000063d0                dtoa_prf
 .text.avr-libc
                0x00006684      0x1b0 d:/program files (x86)/atmel/studio/7.0/toolchain/avr8/avr8-gnu-toolchain/bin/../lib/gcc/avr/5.4.0/../../../../avr/lib/avr5\libc.a(ftoa_engine.o)
                0x00006684                __ftoa_engine
 .text.avr-libc
                0x00006834       0x16 d:/program files (x86)/atmel/studio/7.0/toolchain/avr8/avr8-gnu-toolchain/bin/../lib/gcc/avr/5.4.0/../../../../avr/lib/avr5\libc.a(strnlen_P.o)
                0x00006834                strnlen_P
 .text.avr-libc
                0x0000684a       0x16 d:/program files (x86)/atmel/studio/7.0/toolchain/avr8/avr8-gnu-toolchain/bin/../lib/gcc/avr/5.4.0/../../../../avr/lib/avr5\libc.a(strnlen.o)
                0x0000684a                strnlen
 .text.avr-libc
                0x00006860       0x78 d:/program files (x86)/atmel/studio/7.0/toolchain/avr8/avr8-gnu-toolchain/bin/../lib/gcc/avr/5.4.0/../../../../avr/lib/avr5\libc.a(fputc.o)
                0x00006860                fputc
 .text.avr-libc
                0x000068d8       0xbc d:/program files (x86)/atmel/studio/7.0/toolchain/avr8/avr8-gnu-toolchain/bin/../lib/gcc/avr/5.4.0/../../../../avr/lib/avr5\libc.a(ultoa_invert.o)
                0x000068d8                __ultoa_invert
 .text.libgcc.prologue
                0x00006994       0x38 d:/program files (x86)/atmel/studio/7.0/toolchain/avr8/avr8-gnu-toolchain/bin/../lib/gcc/avr/5.4.0/avr5\libgcc.a(_prologue.o)
                0x00006994                __prologue_saves__
 .text.libgcc.prologue
                0x000069cc       0x36 d:/program files (x86)/atmel/studio/7.0/toolchain/avr8/avr8-gnu-toolchain/bin/../lib/gcc/avr/5.4.0/avr5\libgcc.a(_epilogue.o)
                0x000069cc                __epilogue_restores__
                0x00006a02                . = ALIGN (0x2)
 *(.fini9)
 .fini9         0x00006a02        0x0 d:/program files (x86)/atmel/studio/7.0/toolchain/avr8/avr8-gnu-toolchain/bin/../lib/gcc/avr/5.4.0/avr5\libgcc.a(_exit.o)
                0x00006a02                _exit
                0x00006a02                exit
 *(.fini9)
 *(.fini8)
 *(.fini8)
 *(.fini7)
 *(.fini7)
 *(.fini6)
 *(.fini6)
 *(.fini5)
 *(.fini5)
 *(.fini4)
 *(.fini4)
 *(.fini3)
 *(.fini3)
 *(.fini2)
 *(.fini2)
 *(.fini1)
 *(.fini1)
 *(.fini0)
 .fini0         0x00006a02        0x4 d:/program files (x86)/atmel/studio/7.0/toolchain/avr8/avr8-gnu-toolchain/bin/../lib/gcc/avr/5.4.0/avr5\libgcc.a(_exit.o)
 *(.fini0)
                0x00006a06                _etext = .

.data           0x00800100       0x6a load address 0x00006a06
                0x00800100                PROVIDE (__data_start, .)
 *(.data)
 *(.data*)
 .data.status   0x00800100        0x2 Main.o
                0x00800100                status
 .data._ZL10breakValue
                0x00800102        0x4 C:\Users\jacob psimos\Documents\Atmel Studio\7.0\CBT-BumbleBee\CBT-BumbleBee\ArduinoCore\Debug\libArduinoCore.a(CDC.o)
 .data._ZL12_usbLineInfo
                0x00800106        0x8 C:\Users\jacob psimos\Documents\Atmel Studio\7.0\CBT-BumbleBee\CBT-BumbleBee\ArduinoCore\Debug\libArduinoCore.a(CDC.o)
 .data._initEndpoints
                0x0080010e        0x7 C:\Users\jacob psimos\Documents\Atmel Studio\7.0\CBT-BumbleBee\CBT-BumbleBee\ArduinoCore\Debug\libArduinoCore.a(USBCore.o)
                0x0080010e                _initEndpoints
 .data.intFunc  0x00800115        0xa C:\Users\jacob psimos\Documents\Atmel Studio\7.0\CBT-BumbleBee\CBT-BumbleBee\ArduinoCore\Debug\libArduinoCore.a(WInterrupts.o)
 *(.gnu.linkonce.d*)
 *(.rodata)
 .rodata        0x0080011f        0x8 Main.o
 *(.rodata*)
 .rodata.str1.1
                0x00800127       0x10 Main.o
 .rodata._ZL5vin_2
                0x00800137        0x8 Main.o
 .rodata._ZL5vin_1
                0x0080013f        0x8 Main.o
 .rodata._ZTV7Serial_
                0x00800147       0x10 C:\Users\jacob psimos\Documents\Atmel Studio\7.0\CBT-BumbleBee\CBT-BumbleBee\ArduinoCore\Debug\libArduinoCore.a(CDC.o)
                0x00800147                _ZTV7Serial_
 .rodata._ZTV14HardwareSerial
                0x00800157       0x10 C:\Users\jacob psimos\Documents\Atmel Studio\7.0\CBT-BumbleBee\CBT-BumbleBee\ArduinoCore\Debug\libArduinoCore.a(HardwareSerial.o)
                0x00800157                _ZTV14HardwareSerial
 .rodata.CSWTCH.39
                0x00800167        0x3 C:\Users\jacob psimos\Documents\Atmel Studio\7.0\CBT-BumbleBee\CBT-BumbleBee\ArduinoCore\Debug\libArduinoCore.a(CANBus.o)
 *(.gnu.linkonce.r*)
                0x0080016a                . = ALIGN (0x2)
                0x0080016a                _edata = .
                0x0080016a                PROVIDE (__data_end, .)

.bss            0x0080016a      0x325
                0x0080016a                PROVIDE (__bss_start, .)
 *(.bss)
 *(.bss*)
 .bss._ZZ10processVINR7MessagePKhE10lockStatus
                0x0080016a        0x1 Main.o
 .bss.rxStatus  0x0080016b        0x1 Main.o
                0x0080016b                rxStatus
 .bss.rs232     0x0080016c        0x4 Main.o
                0x0080016c                rs232
 .bss.sleepy    0x00800170        0x4 Main.o
                0x00800170                sleepy
 .bss.buttons   0x00800174        0x1 Main.o
                0x00800174                buttons
 .bss.obd       0x00800175        0x3 Main.o
                0x00800175                obd
 .bss.display   0x00800178       0x91 Main.o
                0x00800178                display
 .bss.lighting_status
                0x00800209        0x6 Main.o
                0x00800209                lighting_status
 .bss.ampm      0x0080020f        0x1 Main.o
                0x0080020f                ampm
 .bss.timeZone  0x00800210        0x1 Main.o
                0x00800210                timeZone
 .bss.second    0x00800211        0x1 Main.o
                0x00800211                second
 .bss.minute    0x00800212        0x1 Main.o
                0x00800212                minute
 .bss.hour      0x00800213        0x1 Main.o
                0x00800213                hour
 .bss.day       0x00800214        0x1 Main.o
                0x00800214                day
 .bss.month     0x00800215        0x1 Main.o
                0x00800215                month
 .bss.year      0x00800216        0x1 Main.o
                0x00800216                year
 .bss.xmChannel
                0x00800217        0x1 Main.o
                0x00800217                xmChannel
 .bss.ignition  0x00800218        0x1 Main.o
                0x00800218                ignition
 .bss.longitude
                0x00800219        0x4 Main.o
                0x00800219                longitude
 .bss.latitude  0x0080021d        0x4 Main.o
                0x0080021d                latitude
 .bss.elevation
                0x00800221        0x2 Main.o
                0x00800221                elevation
 .bss.heading   0x00800223        0x2 Main.o
                0x00800223                heading
 .bss.dimmer    0x00800225        0x1 Main.o
                0x00800225                dimmer
 .bss.doorStatus
                0x00800226        0x1 Main.o
                0x00800226                doorStatus
 .bss.hvacStatus
                0x00800227        0x1 Main.o
                0x00800227                hvacStatus
 .bss.currentGear
                0x00800228        0x1 Main.o
                0x00800228                currentGear
 .bss.intakeAirTemperature
                0x00800229        0x4 Main.o
                0x00800229                intakeAirTemperature
 .bss.manifoldPressure
                0x0080022d        0x1 Main.o
                0x0080022d                manifoldPressure
 .bss.rangeToEmpty
                0x0080022e        0x4 Main.o
                0x0080022e                rangeToEmpty
 .bss.MPG       0x00800232        0x4 Main.o
                0x00800232                MPG
 .bss.totalMAF  0x00800236        0x4 Main.o
                0x00800236                totalMAF
 .bss.MAF       0x0080023a        0x2 Main.o
                0x0080023a                MAF
 .bss.fuelRemaining
                0x0080023c        0x4 Main.o
                0x0080023c                fuelRemaining
 .bss.fuel      0x00800240        0x1 Main.o
                0x00800240                fuel
 .bss.pedalF    0x00800241        0x4 Main.o
                0x00800241                pedalF
 .bss.pedal     0x00800245        0x1 Main.o
                0x00800245                pedal
 .bss.horsePower
                0x00800246        0x4 Main.o
                0x00800246                horsePower
 .bss.throttleF
                0x0080024a        0x4 Main.o
                0x0080024a                throttleF
 .bss.throttle  0x0080024e        0x1 Main.o
                0x0080024e                throttle
 .bss.engineRPM
                0x0080024f        0x2 Main.o
                0x0080024f                engineRPM
 .bss.wheelRPM  0x00800251        0x4 Main.o
                0x00800251                wheelRPM
 .bss.speedMPH  0x00800255        0x1 Main.o
                0x00800255                speedMPH
 .bss.triggers  0x00800256        0x4 Main.o
                0x00800256                triggers
 .bss.writeQueue
                0x0080025a        0x6 Main.o
                0x0080025a                writeQueue
 .bss._writeQueue
                0x00800260       0x80 Main.o
                0x00800260                _writeQueue
 .bss._readQueue
                0x008002e0       0x60 Main.o
                0x008002e0                _readQueue
 .bss.CANBus3   0x00800340        0x4 Main.o
                0x00800340                CANBus3
 .bss.CANBus2   0x00800344        0x4 Main.o
                0x00800344                CANBus2
 .bss.CANBus1   0x00800348        0x4 Main.o
                0x00800348                CANBus1
 .bss.t2ReturnToNormalAt
                0x0080034c        0x4 Main.o
                0x0080034c                t2ReturnToNormalAt
 .bss.t2lastTesterPresent
                0x00800350        0x4 Main.o
                0x00800350                t2lastTesterPresent
 .bss.a5_dur    0x00800354        0x4 Main.o
                0x00800354                a5_dur
 .bss.a1_dur    0x00800358        0x4 Main.o
                0x00800358                a1_dur
 .bss.a5_start  0x0080035c        0x4 Main.o
                0x0080035c                a5_start
 .bss.a1_start  0x00800360        0x4 Main.o
                0x00800360                a1_start
 .bss.lastWakeup
                0x00800364        0x4 Main.o
                0x00800364                lastWakeup
 .bss.tpmsUpdateAt
                0x00800368        0x4 Main.o
                0x00800368                tpmsUpdateAt
 .bss.lastRequest
                0x0080036c        0x4 Main.o
                0x0080036c                lastRequest
 .bss.radioButtonTerminateAt
                0x00800370        0x4 Main.o
                0x00800370                radioButtonTerminateAt
 .bss.updateDisplayAt
                0x00800374        0x4 Main.o
                0x00800374                updateDisplayAt
 .bss.lastTempUpdate
                0x00800378        0x4 Main.o
                0x00800378                lastTempUpdate
 .bss.lastDequeue
                0x0080037c        0x4 Main.o
                0x0080037c                lastDequeue
 .bss.Serial    0x00800380       0x50 C:\Users\jacob psimos\Documents\Atmel Studio\7.0\CBT-BumbleBee\CBT-BumbleBee\ArduinoCore\Debug\libArduinoCore.a(CDC.o)
                0x00800380                Serial
 .bss._updatedLUFAbootloader
                0x008003d0        0x1 C:\Users\jacob psimos\Documents\Atmel Studio\7.0\CBT-BumbleBee\CBT-BumbleBee\ArduinoCore\Debug\libArduinoCore.a(CDC.o)
                0x008003d0                _updatedLUFAbootloader
 .bss.Serial1   0x008003d1       0x9d C:\Users\jacob psimos\Documents\Atmel Studio\7.0\CBT-BumbleBee\CBT-BumbleBee\ArduinoCore\Debug\libArduinoCore.a(HardwareSerial1.o)
                0x008003d1                Serial1
 .bss.USBDevice
                0x0080046e        0x1 C:\Users\jacob psimos\Documents\Atmel Studio\7.0\CBT-BumbleBee\CBT-BumbleBee\ArduinoCore\Debug\libArduinoCore.a(USBCore.o)
                0x0080046e                USBDevice
 .bss._ZL13_cdcComposite
                0x0080046f        0x1 C:\Users\jacob psimos\Documents\Atmel Studio\7.0\CBT-BumbleBee\CBT-BumbleBee\ArduinoCore\Debug\libArduinoCore.a(USBCore.o)
 .bss._ZL5_cend
                0x00800470        0x2 C:\Users\jacob psimos\Documents\Atmel Studio\7.0\CBT-BumbleBee\CBT-BumbleBee\ArduinoCore\Debug\libArduinoCore.a(USBCore.o)
 .bss._ZL6_cmark
                0x00800472        0x2 C:\Users\jacob psimos\Documents\Atmel Studio\7.0\CBT-BumbleBee\CBT-BumbleBee\ArduinoCore\Debug\libArduinoCore.a(USBCore.o)
 .bss._usbSuspendState
                0x00800474        0x1 C:\Users\jacob psimos\Documents\Atmel Studio\7.0\CBT-BumbleBee\CBT-BumbleBee\ArduinoCore\Debug\libArduinoCore.a(USBCore.o)
                0x00800474                _usbSuspendState
 .bss._usbCurrentStatus
                0x00800475        0x1 C:\Users\jacob psimos\Documents\Atmel Studio\7.0\CBT-BumbleBee\CBT-BumbleBee\ArduinoCore\Debug\libArduinoCore.a(USBCore.o)
                0x00800475                _usbCurrentStatus
 .bss._usbConfiguration
                0x00800476        0x1 C:\Users\jacob psimos\Documents\Atmel Studio\7.0\CBT-BumbleBee\CBT-BumbleBee\ArduinoCore\Debug\libArduinoCore.a(USBCore.o)
                0x00800476                _usbConfiguration
 .bss.RxLEDPulse
                0x00800477        0x1 C:\Users\jacob psimos\Documents\Atmel Studio\7.0\CBT-BumbleBee\CBT-BumbleBee\ArduinoCore\Debug\libArduinoCore.a(USBCore.o)
                0x00800477                RxLEDPulse
 .bss.TxLEDPulse
                0x00800478        0x1 C:\Users\jacob psimos\Documents\Atmel Studio\7.0\CBT-BumbleBee\CBT-BumbleBee\ArduinoCore\Debug\libArduinoCore.a(USBCore.o)
                0x00800478                TxLEDPulse
 .bss.timer0_fract
                0x00800479        0x1 C:\Users\jacob psimos\Documents\Atmel Studio\7.0\CBT-BumbleBee\CBT-BumbleBee\ArduinoCore\Debug\libArduinoCore.a(wiring.o)
 .bss.timer0_millis
                0x0080047a        0x4 C:\Users\jacob psimos\Documents\Atmel Studio\7.0\CBT-BumbleBee\CBT-BumbleBee\ArduinoCore\Debug\libArduinoCore.a(wiring.o)
                0x0080047a                timer0_millis
 .bss.timer0_overflow_count
                0x0080047e        0x4 C:\Users\jacob psimos\Documents\Atmel Studio\7.0\CBT-BumbleBee\CBT-BumbleBee\ArduinoCore\Debug\libArduinoCore.a(wiring.o)
                0x0080047e                timer0_overflow_count
 .bss._ZN8SPIClass11initializedE
                0x00800482        0x1 C:\Users\jacob psimos\Documents\Atmel Studio\7.0\CBT-BumbleBee\CBT-BumbleBee\ArduinoCore\Debug\libArduinoCore.a(SPI.o)
                0x00800482                _ZN8SPIClass11initializedE
 .bss._ZZ12PluggableUSBvE3obj
                0x00800483        0x4 C:\Users\jacob psimos\Documents\Atmel Studio\7.0\CBT-BumbleBee\CBT-BumbleBee\ArduinoCore\Debug\libArduinoCore.a(PluggableUSB.o)
 .bss._ZGVZ12PluggableUSBvE3obj
                0x00800487        0x8 C:\Users\jacob psimos\Documents\Atmel Studio\7.0\CBT-BumbleBee\CBT-BumbleBee\ArduinoCore\Debug\libArduinoCore.a(PluggableUSB.o)
 *(COMMON)
                0x0080048f                PROVIDE (__bss_end, .)
                0x00006a06                __data_load_start = LOADADDR (.data)
                0x00006a70                __data_load_end = (__data_load_start + SIZEOF (.data))

.noinit         0x0080048f        0x0
                [!provide]                PROVIDE (__noinit_start, .)
 *(.noinit*)
                [!provide]                PROVIDE (__noinit_end, .)
                0x0080048f                _end = .
                [!provide]                PROVIDE (__heap_start, .)

.eeprom         0x00810000        0x0
 *(.eeprom*)
                0x00810000                __eeprom_end = .

.fuse
 *(.fuse)
 *(.lfuse)
 *(.hfuse)
 *(.efuse)

.lock
 *(.lock*)

.signature
 *(.signature*)

.user_signatures
 *(.user_signatures*)

.stab
 *(.stab)

.stabstr
 *(.stabstr)

.stab.excl
 *(.stab.excl)

.stab.exclstr
 *(.stab.exclstr)

.stab.index
 *(.stab.index)

.stab.indexstr
 *(.stab.indexstr)

.comment        0x00000000       0x8c
 *(.comment)
 .comment       0x00000000       0x30 Main.o
                                 0x31 (size before relaxing)
 .comment       0x00000030       0x31 C:\Users\jacob psimos\Documents\Atmel Studio\7.0\CBT-BumbleBee\CBT-BumbleBee\ArduinoCore\Debug\libArduinoCore.a(CDC.o)
 .comment       0x00000030       0x31 C:\Users\jacob psimos\Documents\Atmel Studio\7.0\CBT-BumbleBee\CBT-BumbleBee\ArduinoCore\Debug\libArduinoCore.a(HardwareSerial.o)
 .comment       0x00000030       0x31 C:\Users\jacob psimos\Documents\Atmel Studio\7.0\CBT-BumbleBee\CBT-BumbleBee\ArduinoCore\Debug\libArduinoCore.a(HardwareSerial1.o)
 .comment       0x00000030       0x31 C:\Users\jacob psimos\Documents\Atmel Studio\7.0\CBT-BumbleBee\CBT-BumbleBee\ArduinoCore\Debug\libArduinoCore.a(main.o)
 .comment       0x00000030       0x31 C:\Users\jacob psimos\Documents\Atmel Studio\7.0\CBT-BumbleBee\CBT-BumbleBee\ArduinoCore\Debug\libArduinoCore.a(Print.o)
 .comment       0x00000030       0x31 C:\Users\jacob psimos\Documents\Atmel Studio\7.0\CBT-BumbleBee\CBT-BumbleBee\ArduinoCore\Debug\libArduinoCore.a(USBCore.o)
 .comment       0x00000030       0x31 C:\Users\jacob psimos\Documents\Atmel Studio\7.0\CBT-BumbleBee\CBT-BumbleBee\ArduinoCore\Debug\libArduinoCore.a(WInterrupts.o)
 .comment       0x00000030       0x31 C:\Users\jacob psimos\Documents\Atmel Studio\7.0\CBT-BumbleBee\CBT-BumbleBee\ArduinoCore\Debug\libArduinoCore.a(wiring.o)
 .comment       0x00000030       0x31 C:\Users\jacob psimos\Documents\Atmel Studio\7.0\CBT-BumbleBee\CBT-BumbleBee\ArduinoCore\Debug\libArduinoCore.a(wiring_digital.o)
 .comment       0x00000030       0x31 C:\Users\jacob psimos\Documents\Atmel Studio\7.0\CBT-BumbleBee\CBT-BumbleBee\ArduinoCore\Debug\libArduinoCore.a(CANBus.o)
 .comment       0x00000030       0x31 C:\Users\jacob psimos\Documents\Atmel Studio\7.0\CBT-BumbleBee\CBT-BumbleBee\ArduinoCore\Debug\libArduinoCore.a(Message.o)
 .comment       0x00000030       0x31 C:\Users\jacob psimos\Documents\Atmel Studio\7.0\CBT-BumbleBee\CBT-BumbleBee\ArduinoCore\Debug\libArduinoCore.a(SPI.o)
 .comment       0x00000030       0x30 C:\Users\jacob psimos\Documents\Atmel Studio\7.0\CBT-BumbleBee\CBT-BumbleBee\ArduinoCore\Debug\libArduinoCore.a(hooks.o)
                                 0x31 (size before relaxing)
 .comment       0x00000060       0x31 C:\Users\jacob psimos\Documents\Atmel Studio\7.0\CBT-BumbleBee\CBT-BumbleBee\ArduinoCore\Debug\libArduinoCore.a(PluggableUSB.o)
 .comment       0x00000060       0x31 d:/program files (x86)/atmel/studio/7.0/toolchain/avr8/avr8-gnu-toolchain/bin/../lib/gcc/avr/5.4.0/../../../../avr/lib/avr5\libc.a(dtostrf.o)
 .comment       0x00000060       0x31 d:/program files (x86)/atmel/studio/7.0/toolchain/avr8/avr8-gnu-toolchain/bin/../lib/gcc/avr/5.4.0/../../../../avr/lib/avr5\libc.a(snprintf_p.o)
 .comment       0x00000060       0x2c d:/program files (x86)/atmel/studio/7.0/toolchain/avr8/avr8-gnu-toolchain/bin/../lib/gcc/avr/5.4.0/../../../../avr/lib/avr5\libc.a(vfprintf_std.o)
                                 0x2d (size before relaxing)
 .comment       0x0000008c       0x31 d:/program files (x86)/atmel/studio/7.0/toolchain/avr8/avr8-gnu-toolchain/bin/../lib/gcc/avr/5.4.0/../../../../avr/lib/avr5\libc.a(dtoa_prf.o)
 .comment       0x0000008c       0x31 d:/program files (x86)/atmel/studio/7.0/toolchain/avr8/avr8-gnu-toolchain/bin/../lib/gcc/avr/5.4.0/../../../../avr/lib/avr5\libc.a(fputc.o)

.note.gnu.avr.deviceinfo
                0x00000000       0x40
 .note.gnu.avr.deviceinfo
                0x00000000       0x40 D:/Program Files (x86)/Atmel/Studio/7.0/Packs/atmel/ATmega_DFP/1.2.150/gcc/dev/atmega32u4/avr5/crtatmega32u4.o

.note.gnu.build-id
 *(.note.gnu.build-id)

.debug
 *(.debug)

.line
 *(.line)

.debug_srcinfo
 *(.debug_srcinfo)

.debug_sfnames
 *(.debug_sfnames)

.debug_aranges  0x00000000      0x858
 *(.debug_aranges)
 .debug_aranges
                0x00000000      0x248 Main.o
 .debug_aranges
                0x00000248       0xc0 C:\Users\jacob psimos\Documents\Atmel Studio\7.0\CBT-BumbleBee\CBT-BumbleBee\ArduinoCore\Debug\libArduinoCore.a(CDC.o)
 .debug_aranges
                0x00000308       0x68 C:\Users\jacob psimos\Documents\Atmel Studio\7.0\CBT-BumbleBee\CBT-BumbleBee\ArduinoCore\Debug\libArduinoCore.a(HardwareSerial.o)
 .debug_aranges
                0x00000370       0x38 C:\Users\jacob psimos\Documents\Atmel Studio\7.0\CBT-BumbleBee\CBT-BumbleBee\ArduinoCore\Debug\libArduinoCore.a(HardwareSerial1.o)
 .debug_aranges
                0x000003a8       0x30 C:\Users\jacob psimos\Documents\Atmel Studio\7.0\CBT-BumbleBee\CBT-BumbleBee\ArduinoCore\Debug\libArduinoCore.a(main.o)
 .debug_aranges
                0x000003d8       0xf0 C:\Users\jacob psimos\Documents\Atmel Studio\7.0\CBT-BumbleBee\CBT-BumbleBee\ArduinoCore\Debug\libArduinoCore.a(Print.o)
 .debug_aranges
                0x000004c8       0xd8 C:\Users\jacob psimos\Documents\Atmel Studio\7.0\CBT-BumbleBee\CBT-BumbleBee\ArduinoCore\Debug\libArduinoCore.a(USBCore.o)
 .debug_aranges
                0x000005a0       0x58 C:\Users\jacob psimos\Documents\Atmel Studio\7.0\CBT-BumbleBee\CBT-BumbleBee\ArduinoCore\Debug\libArduinoCore.a(WInterrupts.o)
 .debug_aranges
                0x000005f8       0x48 C:\Users\jacob psimos\Documents\Atmel Studio\7.0\CBT-BumbleBee\CBT-BumbleBee\ArduinoCore\Debug\libArduinoCore.a(wiring.o)
 .debug_aranges
                0x00000640       0x38 C:\Users\jacob psimos\Documents\Atmel Studio\7.0\CBT-BumbleBee\CBT-BumbleBee\ArduinoCore\Debug\libArduinoCore.a(wiring_digital.o)
 .debug_aranges
                0x00000678       0xf8 C:\Users\jacob psimos\Documents\Atmel Studio\7.0\CBT-BumbleBee\CBT-BumbleBee\ArduinoCore\Debug\libArduinoCore.a(CANBus.o)
 .debug_aranges
                0x00000770       0x40 C:\Users\jacob psimos\Documents\Atmel Studio\7.0\CBT-BumbleBee\CBT-BumbleBee\ArduinoCore\Debug\libArduinoCore.a(Message.o)
 .debug_aranges
                0x000007b0       0x38 C:\Users\jacob psimos\Documents\Atmel Studio\7.0\CBT-BumbleBee\CBT-BumbleBee\ArduinoCore\Debug\libArduinoCore.a(SPI.o)
 .debug_aranges
                0x000007e8       0x20 C:\Users\jacob psimos\Documents\Atmel Studio\7.0\CBT-BumbleBee\CBT-BumbleBee\ArduinoCore\Debug\libArduinoCore.a(hooks.o)
 .debug_aranges
                0x00000808       0x50 C:\Users\jacob psimos\Documents\Atmel Studio\7.0\CBT-BumbleBee\CBT-BumbleBee\ArduinoCore\Debug\libArduinoCore.a(PluggableUSB.o)

.debug_pubnames
 *(.debug_pubnames)

.debug_info     0x00000000    0x1659f
 *(.debug_info .gnu.linkonce.wi.*)
 .debug_info    0x00000000      0x9f4 D:/Program Files (x86)/Atmel/Studio/7.0/Packs/atmel/ATmega_DFP/1.2.150/gcc/dev/atmega32u4/avr5/crtatmega32u4.o
 .debug_info    0x000009f4     0x6e11 Main.o
 .debug_info    0x00007805     0x2928 C:\Users\jacob psimos\Documents\Atmel Studio\7.0\CBT-BumbleBee\CBT-BumbleBee\ArduinoCore\Debug\libArduinoCore.a(CDC.o)
 .debug_info    0x0000a12d     0x1eb3 C:\Users\jacob psimos\Documents\Atmel Studio\7.0\CBT-BumbleBee\CBT-BumbleBee\ArduinoCore\Debug\libArduinoCore.a(HardwareSerial.o)
 .debug_info    0x0000bfe0     0x1aa7 C:\Users\jacob psimos\Documents\Atmel Studio\7.0\CBT-BumbleBee\CBT-BumbleBee\ArduinoCore\Debug\libArduinoCore.a(HardwareSerial1.o)
 .debug_info    0x0000da87      0x33a C:\Users\jacob psimos\Documents\Atmel Studio\7.0\CBT-BumbleBee\CBT-BumbleBee\ArduinoCore\Debug\libArduinoCore.a(main.o)
 .debug_info    0x0000ddc1     0x2892 C:\Users\jacob psimos\Documents\Atmel Studio\7.0\CBT-BumbleBee\CBT-BumbleBee\ArduinoCore\Debug\libArduinoCore.a(Print.o)
 .debug_info    0x00010653     0x1a21 C:\Users\jacob psimos\Documents\Atmel Studio\7.0\CBT-BumbleBee\CBT-BumbleBee\ArduinoCore\Debug\libArduinoCore.a(USBCore.o)
 .debug_info    0x00012074      0x28c C:\Users\jacob psimos\Documents\Atmel Studio\7.0\CBT-BumbleBee\CBT-BumbleBee\ArduinoCore\Debug\libArduinoCore.a(WInterrupts.o)
 .debug_info    0x00012300      0x2f9 C:\Users\jacob psimos\Documents\Atmel Studio\7.0\CBT-BumbleBee\CBT-BumbleBee\ArduinoCore\Debug\libArduinoCore.a(wiring.o)
 .debug_info    0x000125f9      0x632 C:\Users\jacob psimos\Documents\Atmel Studio\7.0\CBT-BumbleBee\CBT-BumbleBee\ArduinoCore\Debug\libArduinoCore.a(wiring_digital.o)
 .debug_info    0x00012c2b     0x266a C:\Users\jacob psimos\Documents\Atmel Studio\7.0\CBT-BumbleBee\CBT-BumbleBee\ArduinoCore\Debug\libArduinoCore.a(CANBus.o)
 .debug_info    0x00015295      0x494 C:\Users\jacob psimos\Documents\Atmel Studio\7.0\CBT-BumbleBee\CBT-BumbleBee\ArduinoCore\Debug\libArduinoCore.a(Message.o)
 .debug_info    0x00015729      0x699 C:\Users\jacob psimos\Documents\Atmel Studio\7.0\CBT-BumbleBee\CBT-BumbleBee\ArduinoCore\Debug\libArduinoCore.a(SPI.o)
 .debug_info    0x00015dc2       0x3e C:\Users\jacob psimos\Documents\Atmel Studio\7.0\CBT-BumbleBee\CBT-BumbleBee\ArduinoCore\Debug\libArduinoCore.a(hooks.o)
 .debug_info    0x00015e00      0x79f C:\Users\jacob psimos\Documents\Atmel Studio\7.0\CBT-BumbleBee\CBT-BumbleBee\ArduinoCore\Debug\libArduinoCore.a(PluggableUSB.o)

.debug_abbrev   0x00000000     0x3aff
 *(.debug_abbrev)
 .debug_abbrev  0x00000000      0x96a D:/Program Files (x86)/Atmel/Studio/7.0/Packs/atmel/ATmega_DFP/1.2.150/gcc/dev/atmega32u4/avr5/crtatmega32u4.o
 .debug_abbrev  0x0000096a      0x896 Main.o
 .debug_abbrev  0x00001200      0x5e2 C:\Users\jacob psimos\Documents\Atmel Studio\7.0\CBT-BumbleBee\CBT-BumbleBee\ArduinoCore\Debug\libArduinoCore.a(CDC.o)
 .debug_abbrev  0x000017e2      0x432 C:\Users\jacob psimos\Documents\Atmel Studio\7.0\CBT-BumbleBee\CBT-BumbleBee\ArduinoCore\Debug\libArduinoCore.a(HardwareSerial.o)
 .debug_abbrev  0x00001c14      0x3a2 C:\Users\jacob psimos\Documents\Atmel Studio\7.0\CBT-BumbleBee\CBT-BumbleBee\ArduinoCore\Debug\libArduinoCore.a(HardwareSerial1.o)
 .debug_abbrev  0x00001fb6      0x19a C:\Users\jacob psimos\Documents\Atmel Studio\7.0\CBT-BumbleBee\CBT-BumbleBee\ArduinoCore\Debug\libArduinoCore.a(main.o)
 .debug_abbrev  0x00002150      0x469 C:\Users\jacob psimos\Documents\Atmel Studio\7.0\CBT-BumbleBee\CBT-BumbleBee\ArduinoCore\Debug\libArduinoCore.a(Print.o)
 .debug_abbrev  0x000025b9      0x5f1 C:\Users\jacob psimos\Documents\Atmel Studio\7.0\CBT-BumbleBee\CBT-BumbleBee\ArduinoCore\Debug\libArduinoCore.a(USBCore.o)
 .debug_abbrev  0x00002baa       0xed C:\Users\jacob psimos\Documents\Atmel Studio\7.0\CBT-BumbleBee\CBT-BumbleBee\ArduinoCore\Debug\libArduinoCore.a(WInterrupts.o)
 .debug_abbrev  0x00002c97      0x146 C:\Users\jacob psimos\Documents\Atmel Studio\7.0\CBT-BumbleBee\CBT-BumbleBee\ArduinoCore\Debug\libArduinoCore.a(wiring.o)
 .debug_abbrev  0x00002ddd      0x15a C:\Users\jacob psimos\Documents\Atmel Studio\7.0\CBT-BumbleBee\CBT-BumbleBee\ArduinoCore\Debug\libArduinoCore.a(wiring_digital.o)
 .debug_abbrev  0x00002f37      0x46e C:\Users\jacob psimos\Documents\Atmel Studio\7.0\CBT-BumbleBee\CBT-BumbleBee\ArduinoCore\Debug\libArduinoCore.a(CANBus.o)
 .debug_abbrev  0x000033a5      0x1e8 C:\Users\jacob psimos\Documents\Atmel Studio\7.0\CBT-BumbleBee\CBT-BumbleBee\ArduinoCore\Debug\libArduinoCore.a(Message.o)
 .debug_abbrev  0x0000358d      0x283 C:\Users\jacob psimos\Documents\Atmel Studio\7.0\CBT-BumbleBee\CBT-BumbleBee\ArduinoCore\Debug\libArduinoCore.a(SPI.o)
 .debug_abbrev  0x00003810       0x2a C:\Users\jacob psimos\Documents\Atmel Studio\7.0\CBT-BumbleBee\CBT-BumbleBee\ArduinoCore\Debug\libArduinoCore.a(hooks.o)
 .debug_abbrev  0x0000383a      0x2c5 C:\Users\jacob psimos\Documents\Atmel Studio\7.0\CBT-BumbleBee\CBT-BumbleBee\ArduinoCore\Debug\libArduinoCore.a(PluggableUSB.o)

.debug_line     0x00000000     0x5909
 *(.debug_line .debug_line.* .debug_line_end)
 .debug_line    0x00000000      0x199 D:/Program Files (x86)/Atmel/Studio/7.0/Packs/atmel/ATmega_DFP/1.2.150/gcc/dev/atmega32u4/avr5/crtatmega32u4.o
 .debug_line    0x00000199     0x1e31 Main.o
 .debug_line    0x00001fca      0x5f7 C:\Users\jacob psimos\Documents\Atmel Studio\7.0\CBT-BumbleBee\CBT-BumbleBee\ArduinoCore\Debug\libArduinoCore.a(CDC.o)
 .debug_line    0x000025c1      0x426 C:\Users\jacob psimos\Documents\Atmel Studio\7.0\CBT-BumbleBee\CBT-BumbleBee\ArduinoCore\Debug\libArduinoCore.a(HardwareSerial.o)
 .debug_line    0x000029e7      0x257 C:\Users\jacob psimos\Documents\Atmel Studio\7.0\CBT-BumbleBee\CBT-BumbleBee\ArduinoCore\Debug\libArduinoCore.a(HardwareSerial1.o)
 .debug_line    0x00002c3e      0x177 C:\Users\jacob psimos\Documents\Atmel Studio\7.0\CBT-BumbleBee\CBT-BumbleBee\ArduinoCore\Debug\libArduinoCore.a(main.o)
 .debug_line    0x00002db5      0x62e C:\Users\jacob psimos\Documents\Atmel Studio\7.0\CBT-BumbleBee\CBT-BumbleBee\ArduinoCore\Debug\libArduinoCore.a(Print.o)
 .debug_line    0x000033e3      0x9c8 C:\Users\jacob psimos\Documents\Atmel Studio\7.0\CBT-BumbleBee\CBT-BumbleBee\ArduinoCore\Debug\libArduinoCore.a(USBCore.o)
 .debug_line    0x00003dab      0x240 C:\Users\jacob psimos\Documents\Atmel Studio\7.0\CBT-BumbleBee\CBT-BumbleBee\ArduinoCore\Debug\libArduinoCore.a(WInterrupts.o)
 .debug_line    0x00003feb      0x2bd C:\Users\jacob psimos\Documents\Atmel Studio\7.0\CBT-BumbleBee\CBT-BumbleBee\ArduinoCore\Debug\libArduinoCore.a(wiring.o)
 .debug_line    0x000042a8      0x26a C:\Users\jacob psimos\Documents\Atmel Studio\7.0\CBT-BumbleBee\CBT-BumbleBee\ArduinoCore\Debug\libArduinoCore.a(wiring_digital.o)
 .debug_line    0x00004512      0xc05 C:\Users\jacob psimos\Documents\Atmel Studio\7.0\CBT-BumbleBee\CBT-BumbleBee\ArduinoCore\Debug\libArduinoCore.a(CANBus.o)
 .debug_line    0x00005117      0x1f0 C:\Users\jacob psimos\Documents\Atmel Studio\7.0\CBT-BumbleBee\CBT-BumbleBee\ArduinoCore\Debug\libArduinoCore.a(Message.o)
 .debug_line    0x00005307      0x2e3 C:\Users\jacob psimos\Documents\Atmel Studio\7.0\CBT-BumbleBee\CBT-BumbleBee\ArduinoCore\Debug\libArduinoCore.a(SPI.o)
 .debug_line    0x000055ea       0x41 C:\Users\jacob psimos\Documents\Atmel Studio\7.0\CBT-BumbleBee\CBT-BumbleBee\ArduinoCore\Debug\libArduinoCore.a(hooks.o)
 .debug_line    0x0000562b      0x2de C:\Users\jacob psimos\Documents\Atmel Studio\7.0\CBT-BumbleBee\CBT-BumbleBee\ArduinoCore\Debug\libArduinoCore.a(PluggableUSB.o)

.debug_frame    0x00000000     0x1f18
 *(.debug_frame)
 .debug_frame   0x00000000      0xa50 Main.o
 .debug_frame   0x00000a50      0x1a8 C:\Users\jacob psimos\Documents\Atmel Studio\7.0\CBT-BumbleBee\CBT-BumbleBee\ArduinoCore\Debug\libArduinoCore.a(CDC.o)
 .debug_frame   0x00000bf8      0x110 C:\Users\jacob psimos\Documents\Atmel Studio\7.0\CBT-BumbleBee\CBT-BumbleBee\ArduinoCore\Debug\libArduinoCore.a(HardwareSerial.o)
 .debug_frame   0x00000d08       0xc0 C:\Users\jacob psimos\Documents\Atmel Studio\7.0\CBT-BumbleBee\CBT-BumbleBee\ArduinoCore\Debug\libArduinoCore.a(HardwareSerial1.o)
 .debug_frame   0x00000dc8       0x54 C:\Users\jacob psimos\Documents\Atmel Studio\7.0\CBT-BumbleBee\CBT-BumbleBee\ArduinoCore\Debug\libArduinoCore.a(main.o)
 .debug_frame   0x00000e1c      0x38c C:\Users\jacob psimos\Documents\Atmel Studio\7.0\CBT-BumbleBee\CBT-BumbleBee\ArduinoCore\Debug\libArduinoCore.a(Print.o)
 .debug_frame   0x000011a8      0x394 C:\Users\jacob psimos\Documents\Atmel Studio\7.0\CBT-BumbleBee\CBT-BumbleBee\ArduinoCore\Debug\libArduinoCore.a(USBCore.o)
 .debug_frame   0x0000153c      0x1fc C:\Users\jacob psimos\Documents\Atmel Studio\7.0\CBT-BumbleBee\CBT-BumbleBee\ArduinoCore\Debug\libArduinoCore.a(WInterrupts.o)
 .debug_frame   0x00001738       0xc4 C:\Users\jacob psimos\Documents\Atmel Studio\7.0\CBT-BumbleBee\CBT-BumbleBee\ArduinoCore\Debug\libArduinoCore.a(wiring.o)
 .debug_frame   0x000017fc       0x7c C:\Users\jacob psimos\Documents\Atmel Studio\7.0\CBT-BumbleBee\CBT-BumbleBee\ArduinoCore\Debug\libArduinoCore.a(wiring_digital.o)
 .debug_frame   0x00001878      0x4bc C:\Users\jacob psimos\Documents\Atmel Studio\7.0\CBT-BumbleBee\CBT-BumbleBee\ArduinoCore\Debug\libArduinoCore.a(CANBus.o)
 .debug_frame   0x00001d34       0x78 C:\Users\jacob psimos\Documents\Atmel Studio\7.0\CBT-BumbleBee\CBT-BumbleBee\ArduinoCore\Debug\libArduinoCore.a(Message.o)
 .debug_frame   0x00001dac       0x5c C:\Users\jacob psimos\Documents\Atmel Studio\7.0\CBT-BumbleBee\CBT-BumbleBee\ArduinoCore\Debug\libArduinoCore.a(SPI.o)
 .debug_frame   0x00001e08       0x24 C:\Users\jacob psimos\Documents\Atmel Studio\7.0\CBT-BumbleBee\CBT-BumbleBee\ArduinoCore\Debug\libArduinoCore.a(hooks.o)
 .debug_frame   0x00001e2c       0xec C:\Users\jacob psimos\Documents\Atmel Studio\7.0\CBT-BumbleBee\CBT-BumbleBee\ArduinoCore\Debug\libArduinoCore.a(PluggableUSB.o)

.debug_str      0x00000000     0x4d87
 *(.debug_str)
 .debug_str     0x00000000      0x371 D:/Program Files (x86)/Atmel/Studio/7.0/Packs/atmel/ATmega_DFP/1.2.150/gcc/dev/atmega32u4/avr5/crtatmega32u4.o
 .debug_str     0x00000371     0x2ccf Main.o
                               0x2df0 (size before relaxing)
 .debug_str     0x00003040      0x697 C:\Users\jacob psimos\Documents\Atmel Studio\7.0\CBT-BumbleBee\CBT-BumbleBee\ArduinoCore\Debug\libArduinoCore.a(CDC.o)
                               0x19e5 (size before relaxing)
 .debug_str     0x000036d7      0x2d0 C:\Users\jacob psimos\Documents\Atmel Studio\7.0\CBT-BumbleBee\CBT-BumbleBee\ArduinoCore\Debug\libArduinoCore.a(HardwareSerial.o)
                               0x15eb (size before relaxing)
 .debug_str     0x000039a7       0x47 C:\Users\jacob psimos\Documents\Atmel Studio\7.0\CBT-BumbleBee\CBT-BumbleBee\ArduinoCore\Debug\libArduinoCore.a(HardwareSerial1.o)
                               0x13c3 (size before relaxing)
 .debug_str     0x000039ee      0x10e C:\Users\jacob psimos\Documents\Atmel Studio\7.0\CBT-BumbleBee\CBT-BumbleBee\ArduinoCore\Debug\libArduinoCore.a(main.o)
                                0x395 (size before relaxing)
 .debug_str     0x00003afc      0x367 C:\Users\jacob psimos\Documents\Atmel Studio\7.0\CBT-BumbleBee\CBT-BumbleBee\ArduinoCore\Debug\libArduinoCore.a(Print.o)
                               0x11e3 (size before relaxing)
 .debug_str     0x00003e63      0x6a7 C:\Users\jacob psimos\Documents\Atmel Studio\7.0\CBT-BumbleBee\CBT-BumbleBee\ArduinoCore\Debug\libArduinoCore.a(USBCore.o)
                                0xc85 (size before relaxing)
 .debug_str     0x0000450a      0x15c C:\Users\jacob psimos\Documents\Atmel Studio\7.0\CBT-BumbleBee\CBT-BumbleBee\ArduinoCore\Debug\libArduinoCore.a(WInterrupts.o)
                                0x262 (size before relaxing)
 .debug_str     0x00004666       0x79 C:\Users\jacob psimos\Documents\Atmel Studio\7.0\CBT-BumbleBee\CBT-BumbleBee\ArduinoCore\Debug\libArduinoCore.a(wiring.o)
                                0x254 (size before relaxing)
 .debug_str     0x000046df       0xd0 C:\Users\jacob psimos\Documents\Atmel Studio\7.0\CBT-BumbleBee\CBT-BumbleBee\ArduinoCore\Debug\libArduinoCore.a(wiring_digital.o)
                                0x2d3 (size before relaxing)
 .debug_str     0x000047af      0x47a C:\Users\jacob psimos\Documents\Atmel Studio\7.0\CBT-BumbleBee\CBT-BumbleBee\ArduinoCore\Debug\libArduinoCore.a(CANBus.o)
                                0xc40 (size before relaxing)
 .debug_str     0x00004c29       0x57 C:\Users\jacob psimos\Documents\Atmel Studio\7.0\CBT-BumbleBee\CBT-BumbleBee\ArduinoCore\Debug\libArduinoCore.a(Message.o)
                                0x39f (size before relaxing)
 .debug_str     0x00004c80       0x9f C:\Users\jacob psimos\Documents\Atmel Studio\7.0\CBT-BumbleBee\CBT-BumbleBee\ArduinoCore\Debug\libArduinoCore.a(SPI.o)
                                0x6b7 (size before relaxing)
 .debug_str     0x00004d1f       0x1c C:\Users\jacob psimos\Documents\Atmel Studio\7.0\CBT-BumbleBee\CBT-BumbleBee\ArduinoCore\Debug\libArduinoCore.a(hooks.o)
                                0x149 (size before relaxing)
 .debug_str     0x00004d3b       0x4c C:\Users\jacob psimos\Documents\Atmel Studio\7.0\CBT-BumbleBee\CBT-BumbleBee\ArduinoCore\Debug\libArduinoCore.a(PluggableUSB.o)
                                0x5c5 (size before relaxing)

.debug_loc      0x00000000     0xb137
 *(.debug_loc)
 .debug_loc     0x00000000     0x3e97 Main.o